Component: ARM Compiler 5.05 update 2 (build 169) Tool: armlink [4d0f33]

==============================================================================

Section Cross References

    main.o(i.main) refers to _printf_percent.o(.ARM.Collect$$_printf_percent$$00000000) for _printf_percent
    main.o(i.main) refers to _printf_f.o(.ARM.Collect$$_printf_percent$$00000003) for _printf_f
    main.o(i.main) refers to printf1.o(x$fpl$printf1) for _printf_fp_dec
    main.o(i.main) refers to sysinit.o(i.SysInit) for SysInit
    main.o(i.main) refers to led.o(i.LED_Init) for LED_Init
    main.o(i.main) refers to key.o(i.KEY_Init) for KEY_Init
    main.o(i.main) refers to delay.o(i.delay_init) for delay_init
    main.o(i.main) refers to uart_0.o(i.uart_0_init) for uart_0_init
    main.o(i.main) refers to uart_1.o(i.uart_1_init) for uart_1_init
    main.o(i.main) refers to uart_3.o(i.uart_3_init) for uart_3_init
    main.o(i.main) refers to oled.o(i.OLED_Init) for OLED_Init
    main.o(i.main) refers to sr04.o(i.UltrasonicWave_TimerInit) for UltrasonicWave_TimerInit
    main.o(i.main) refers to motor.o(i.Motors_IO_Init) for Motors_IO_Init
    main.o(i.main) refers to motor.o(i.Motors_Timer_Init) for Motors_Timer_Init
    main.o(i.main) refers to motor.o(i.Encoder_Configuration) for Encoder_Configuration
    main.o(i.main) refers to interrupt.o(i.Interrupt_enableMaster) for Interrupt_enableMaster
    main.o(i.main) refers to sr04.o(i.UltrasonicWave_Measure) for UltrasonicWave_Measure
    main.o(i.main) refers to f2d.o(x$fpl$f2d) for __aeabi_f2d
    main.o(i.main) refers to __2printf.o(.text) for __2printf
    main.o(i.main) refers to tim_a2.o(.data) for TIMA2_CAP_STA
    main.o(i.main) refers to sr04.o(.data) for sr04_distance
    system_msp432p401r.o(i.SystemCoreClockUpdate) refers to system_msp432p401r.o(.data) for .data
    startup_msp432p401r_uvision.o(STACK) refers (Special) to heapauxi.o(.text) for __use_two_region_memory
    startup_msp432p401r_uvision.o(HEAP) refers (Special) to heapauxi.o(.text) for __use_two_region_memory
    startup_msp432p401r_uvision.o(RESET) refers (Special) to heapauxi.o(.text) for __use_two_region_memory
    startup_msp432p401r_uvision.o(RESET) refers to startup_msp432p401r_uvision.o(STACK) for __initial_sp
    startup_msp432p401r_uvision.o(RESET) refers to startup_msp432p401r_uvision.o(.text) for Reset_Handler
    startup_msp432p401r_uvision.o(RESET) refers to bsp_systick.o(i.SysTick_Handler) for SysTick_Handler
    startup_msp432p401r_uvision.o(RESET) refers to tim_a0.o(i.TA0_0_IRQHandler) for TA0_0_IRQHandler
    startup_msp432p401r_uvision.o(RESET) refers to tim_a0.o(i.TA0_N_IRQHandler) for TA0_N_IRQHandler
    startup_msp432p401r_uvision.o(RESET) refers to tim_a1.o(i.TA1_0_IRQHandler) for TA1_0_IRQHandler
    startup_msp432p401r_uvision.o(RESET) refers to tim_a1.o(i.TA1_N_IRQHandler) for TA1_N_IRQHandler
    startup_msp432p401r_uvision.o(RESET) refers to tim_a2.o(i.TA2_0_IRQHandler) for TA2_0_IRQHandler
    startup_msp432p401r_uvision.o(RESET) refers to tim_a2.o(i.TA2_N_IRQHandler) for TA2_N_IRQHandler
    startup_msp432p401r_uvision.o(RESET) refers to tim_a3.o(i.TA3_0_IRQHandler) for TA3_0_IRQHandler
    startup_msp432p401r_uvision.o(RESET) refers to tim_a3.o(i.TA3_N_IRQHandler) for TA3_N_IRQHandler
    startup_msp432p401r_uvision.o(RESET) refers to uart_0.o(i.EUSCIA0_IRQHandler) for EUSCIA0_IRQHandler
    startup_msp432p401r_uvision.o(RESET) refers to uart_1.o(i.EUSCIA1_IRQHandler) for EUSCIA1_IRQHandler
    startup_msp432p401r_uvision.o(RESET) refers to uart_2.o(i.EUSCIA2_IRQHandler) for EUSCIA2_IRQHandler
    startup_msp432p401r_uvision.o(RESET) refers to uart_3.o(i.EUSCIA3_IRQHandler) for EUSCIA3_IRQHandler
    startup_msp432p401r_uvision.o(RESET) refers to bsp_adc14.o(i.ADC14_IRQHandler) for ADC14_IRQHandler
    startup_msp432p401r_uvision.o(RESET) refers to tim32_0.o(i.T32_INT1_IRQHandler) for T32_INT1_IRQHandler
    startup_msp432p401r_uvision.o(RESET) refers to tim32_1.o(i.T32_INT2_IRQHandler) for T32_INT2_IRQHandler
    startup_msp432p401r_uvision.o(RESET) refers to motor.o(i.PORT1_IRQHandler) for PORT1_IRQHandler
    startup_msp432p401r_uvision.o(RESET) refers to motor.o(i.PORT2_IRQHandler) for PORT2_IRQHandler
    startup_msp432p401r_uvision.o(.text) refers (Special) to heapauxi.o(.text) for __use_two_region_memory
    startup_msp432p401r_uvision.o(.text) refers to system_msp432p401r.o(i.SystemInit) for SystemInit
    startup_msp432p401r_uvision.o(.text) refers to __main.o(!!!main) for __main
    startup_msp432p401r_uvision.o(.text) refers to startup_msp432p401r_uvision.o(HEAP) for Heap_Mem
    startup_msp432p401r_uvision.o(.text) refers to startup_msp432p401r_uvision.o(STACK) for Stack_Mem
    sysinit.o(i.SysInit) refers to cs.o(i.CS_setExternalClockSourceFrequency) for CS_setExternalClockSourceFrequency
    sysinit.o(i.SysInit) refers to cs.o(i.CS_startHFXT) for CS_startHFXT
    sysinit.o(i.SysInit) refers to cs.o(i.CS_startLFXT) for CS_startLFXT
[...]
    _printf_a                                0x000001d7   Thumb Code     0  _printf_a.o(.ARM.Collect$$_printf_percent$$00000006)
    _printf_ll                               0x000001dd   Thumb Code     0  _printf_ll.o(.ARM.Collect$$_printf_percent$$00000007)
    _printf_i                                0x000001e7   Thumb Code     0  _printf_i.o(.ARM.Collect$$_printf_percent$$00000008)
    _printf_d                                0x000001ed   Thumb Code     0  _printf_d.o(.ARM.Collect$$_printf_percent$$00000009)
    _printf_u                                0x000001f3   Thumb Code     0  _printf_u.o(.ARM.Collect$$_printf_percent$$0000000A)
    _printf_o                                0x000001f9   Thumb Code     0  _printf_o.o(.ARM.Collect$$_printf_percent$$0000000B)
    _printf_x                                0x000001ff   Thumb Code     0  _printf_x.o(.ARM.Collect$$_printf_percent$$0000000C)
    _printf_lli                              0x00000205   Thumb Code     0  _printf_lli.o(.ARM.Collect$$_printf_percent$$0000000D)
    _printf_lld                              0x0000020b   Thumb Code     0  _printf_lld.o(.ARM.Collect$$_printf_percent$$0000000E)
    _printf_llu                              0x00000211   Thumb Code     0  _printf_llu.o(.ARM.Collect$$_printf_percent$$0000000F)
    _printf_llo                              0x00000217   Thumb Code     0  _printf_llo.o(.ARM.Collect$$_printf_percent$$00000010)
    _printf_llx                              0x0000021d   Thumb Code     0  _printf_llx.o(.ARM.Collect$$_printf_percent$$00000011)
    _printf_l                                0x00000223   Thumb Code     0  _printf_l.o(.ARM.Collect$$_printf_percent$$00000012)
    _printf_c                                0x0000022d   Thumb Code     0  _printf_c.o(.ARM.Collect$$_printf_percent$$00000013)
    _printf_s                                0x00000233   Thumb Code     0  _printf_s.o(.ARM.Collect$$_printf_percent$$00000014)
    _printf_lc                               0x00000239   Thumb Code     0  _printf_lc.o(.ARM.Collect$$_printf_percent$$00000015)
    _printf_ls                               0x0000023f   Thumb Code     0  _printf_ls.o(.ARM.Collect$$_printf_percent$$00000016)
    _printf_percent_end                      0x00000245   Thumb Code     0  _printf_percent_end.o(.ARM.Collect$$_printf_percent$$00000017)
    __rt_lib_init                            0x00000249   Thumb Code     0  libinit.o(.ARM.Collect$$libinit$$00000000)
    __rt_lib_init_fp_1                       0x0000024b   Thumb Code     0  libinit2.o(.ARM.Collect$$libinit$$00000001)
    __rt_lib_init_heap_1                     0x0000024f   Thumb Code     0  libinit2.o(.ARM.Collect$$libinit$$0000000A)
    __rt_lib_init_lc_common                  0x0000024f   Thumb Code     0  libinit2.o(.ARM.Collect$$libinit$$0000000F)
    __rt_lib_init_preinit_1                  0x0000024f   Thumb Code     0  libinit2.o(.ARM.Collect$$libinit$$00000004)
    __rt_lib_init_rand_1                     0x0000024f   Thumb Code     0  libinit2.o(.ARM.Collect$$libinit$$0000000E)
    __rt_lib_init_user_alloc_1               0x0000024f   Thumb Code     0  libinit2.o(.ARM.Collect$$libinit$$0000000C)
    __rt_lib_init_lc_collate_1               0x00000255   Thumb Code     0  libinit2.o(.ARM.Collect$$libinit$$00000011)
    __rt_lib_init_lc_ctype_2                 0x00000255   Thumb Code     0  libinit2.o(.ARM.Collect$$libinit$$00000012)
    __rt_lib_init_lc_ctype_1                 0x00000261   Thumb Code     0  libinit2.o(.ARM.Collect$$libinit$$00000013)
    __rt_lib_init_lc_monetary_1              0x00000261   Thumb Code     0  libinit2.o(.ARM.Collect$$libinit$$00000015)
    __rt_lib_init_lc_numeric_2               0x00000261   Thumb Code     0  libinit2.o(.ARM.Collect$$libinit$$00000016)
    __rt_lib_init_alloca_1                   0x0000026b   Thumb Code     0  libinit2.o(.ARM.Collect$$libinit$$0000002E)
    __rt_lib_init_argv_1                     0x0000026b   Thumb Code     0  libinit2.o(.ARM.Collect$$libinit$$0000002C)
    __rt_lib_init_atexit_1                   0x0000026b   Thumb Code     0  libinit2.o(.ARM.Collect$$libinit$$0000001B)
    __rt_lib_init_clock_1                    0x0000026b   Thumb Code     0  libinit2.o(.ARM.Collect$$libinit$$00000021)
    __rt_lib_init_cpp_1                      0x0000026b   Thumb Code     0  libinit2.o(.ARM.Collect$$libinit$$00000032)
    __rt_lib_init_exceptions_1               0x0000026b   Thumb Code     0  libinit2.o(.ARM.Collect$$libinit$$00000030)
    __rt_lib_init_fp_trap_1                  0x0000026b   Thumb Code     0  libinit2.o(.ARM.Collect$$libinit$$0000001F)
    __rt_lib_init_getenv_1                   0x0000026b   Thumb Code     0  libinit2.o(.ARM.Collect$$libinit$$00000023)
    __rt_lib_init_lc_numeric_1               0x0000026b   Thumb Code     0  libinit2.o(.ARM.Collect$$libinit$$00000017)
    __rt_lib_init_lc_time_1                  0x0000026b   Thumb Code     0  libinit2.o(.ARM.Collect$$libinit$$00000019)
    __rt_lib_init_return                     0x0000026b   Thumb Code     0  libinit2.o(.ARM.Collect$$libinit$$00000033)
    __rt_lib_init_signal_1                   0x0000026b   Thumb Code     0  libinit2.o(.ARM.Collect$$libinit$$0000001D)
    __rt_lib_init_stdio_1                    0x0000026b   Thumb Code     0  libinit2.o(.ARM.Collect$$libinit$$00000025)
    __rt_lib_shutdown                        0x0000026d   Thumb Code     0  libshutdown.o(.ARM.Collect$$libshutdown$$00000000)
    __rt_lib_shutdown_fp_trap_1              0x0000026f   Thumb Code     0  libshutdown2.o(.ARM.Collect$$libshutdown$$00000006)
    __rt_lib_shutdown_heap_1                 0x0000026f   Thumb Code     0  libshutdown2.o(.ARM.Collect$$libshutdown$$0000000E)
    __rt_lib_shutdown_return                 0x0000026f   Thumb Code     0  libshutdown2.o(.ARM.Collect$$libshutdown$$0000000F)
    __rt_lib_shutdown_signal_1               0x0000026f   Thumb Code     0  libshutdown2.o(.ARM.Collect$$libshutdown$$00000009)
    __rt_lib_shutdown_stdio_1                0x0000026f   Thumb Code     0  libshutdown2.o(.ARM.Collect$$libshutdown$$00000003)
    __rt_lib_shutdown_user_alloc_1           0x0000026f   Thumb Code     0  libshutdown2.o(.ARM.Collect$$libshutdown$$0000000B)
    __rt_entry                               0x00000271   Thumb Code     0  __rtentry.o(.ARM.Collect$$rtentry$$00000000)
    __rt_entry_presh_1                       0x00000271   Thumb Code     0  __rtentry2.o(.ARM.Collect$$rtentry$$00000002)
    __rt_entry_sh                            0x00000271   Thumb Code     0  __rtentry4.o(.ARM.Collect$$rtentry$$00000004)
    __rt_entry_li                            0x00000277   Thumb Code     0  __rtentry2.o(.ARM.Collect$$rtentry$$0000000A)
    __rt_entry_postsh_1                      0x00000277   Thumb Code     0  __rtentry2.o(.ARM.Collect$$rtentry$$00000009)
    __rt_entry_main                          0x0000027b   Thumb Code     0  __rtentry2.o(.ARM.Collect$$rtentry$$0000000D)
    __rt_entry_postli_1                      0x0000027b   Thumb Code     0  __rtentry2.o(.ARM.Collect$$rtentry$$0000000C)
    __rt_exit                                0x00000283   Thumb Code     0  rtexit.o(.ARM.Collect$$rtexit$$00000000)
    __rt_exit_ls                             0x00000285   Thumb Code     0  rtexit2.o(.ARM.Collect$$rtexit$$00000003)
    __rt_exit_prels_1                        0x00000285   Thumb Code     0  rtexit2.o(.ARM.Collect$$rtexit$$00000002)
    __rt_exit_exit                           0x00000289   Thumb Code     0  rtexit2.o(.ARM.Collect$$rtexit$$00000004)
    CPU_cpsid                                0x00000291   Thumb Code     8  cpu.o(.emb_text)
    CPU_primask                              0x00000299   Thumb Code     6  cpu.o(.emb_text)
    CPU_cpsie                                0x0000029f   Thumb Code     8  cpu.o(.emb_text)
    CPU_wfi                                  0x000002a7   Thumb Code     4  cpu.o(.emb_text)
    CPU_basepriSet                           0x000002ab   Thumb Code     6  cpu.o(.emb_text)
    CPU_basepriGet                           0x000002b1   Thumb Code     6  cpu.o(.emb_text)
    Reset_Handler                            0x000002b9   Thumb Code     8  startup_msp432p401r_uvision.o(.text)
    NMI_Handler                              0x000002c1   Thumb Code     2  startup_msp432p401r_uvision.o(.text)
    HardFault_Handler                        0x000002c3   Thumb Code     2  startup_msp432p401r_uvision.o(.text)
    MemManage_Handler                        0x000002c5   Thumb Code     2  startup_msp432p401r_uvision.o(.text)
    BusFault_Handler                         0x000002c7   Thumb Code     2  startup_msp432p401r_uvision.o(.text)
    UsageFault_Handler                       0x000002c9   Thumb Code     2  startup_msp432p401r_uvision.o(.text)
    SVC_Handler                              0x000002cb   Thumb Code     2  startup_msp432p401r_uvision.o(.text)
    DebugMon_Handler                         0x000002cd   Thumb Code     2  startup_msp432p401r_uvision.o(.text)
    PendSV_Handler                           0x000002cf   Thumb Code     2  startup_msp432p401r_uvision.o(.text)
    AES256_IRQHandler                        0x000002d3   Thumb Code     0  startup_msp432p401r_uvision.o(.text)
    COMP_E0_IRQHandler                       0x000002d3   Thumb Code     0  startup_msp432p401r_uvision.o(.text)
    COMP_E1_IRQHandler                       0x000002d3   Thumb Code     0  startup_msp432p401r_uvision.o(.text)
    CS_IRQHandler                            0x000002d3   Thumb Code     0  startup_msp432p401r_uvision.o(.text)
    DMA_ERR_IRQHandler                       0x000002d3   Thumb Code     0  startup_msp432p401r_uvision.o(.text)
    DMA_INT0_IRQHandler                      0x000002d3   Thumb Code     0  startup_msp432p401r_uvision.o(.text)
    DMA_INT1_IRQHandler                      0x000002d3   Thumb Code     0  startup_msp432p401r_uvision.o(.text)
    DMA_INT2_IRQHandler                      0x000002d3   Thumb Code     0  startup_msp432p401r_uvision.o(.text)
    DMA_INT3_IRQHandler                      0x000002d3   Thumb Code     0  startup_msp432p401r_uvision.o(.text)
    EUSCIB0_IRQHandler                       0x000002d3   Thumb Code     0  startup_msp432p401r_uvision.o(.text)
    EUSCIB1_IRQHandler                       0x000002d3   Thumb Code     0  startup_msp432p401r_uvision.o(.text)
    EUSCIB2_IRQHandler                       0x000002d3   Thumb Code     0  startup_msp432p401r_uvision.o(.text)
    EUSCIB3_IRQHandler                       0x000002d3   Thumb Code     0  startup_msp432p401r_uvision.o(.text)
    FLCTL_IRQHandler                         0x000002d3   Thumb Code     0  startup_msp432p401r_uvision.o(.text)
    FPU_IRQHandler                           0x000002d3   Thumb Code     0  startup_msp432p401r_uvision.o(.text)
    PCM_IRQHandler                           0x000002d3   Thumb Code     0  startup_msp432p401r_uvision.o(.text)
    PORT3_IRQHandler                         0x000002d3   Thumb Code     0  startup_msp432p401r_uvision.o(.text)
    PORT4_IRQHandler                         0x000002d3   Thumb Code     0  startup_msp432p401r_uvision.o(.text)
    PORT5_IRQHandler                         0x000002d3   Thumb Code     0  startup_msp432p401r_uvision.o(.text)
    PORT6_IRQHandler                         0x000002d3   Thumb Code     0  startup_msp432p401r_uvision.o(.text)
    PSS_IRQHandler                           0x000002d3   Thumb Code     0  startup_msp432p401r_uvision.o(.text)
    RTC_C_IRQHandler                         0x000002d3   Thumb Code     0  startup_msp432p401r_uvision.o(.text)
    T32_INTC_IRQHandler                      0x000002d3   Thumb Code     0  startup_msp432p401r_uvision.o(.text)
    WDT_A_IRQHandler                         0x000002d3   Thumb Code     0  startup_msp432p401r_uvision.o(.text)
    __user_initial_stackheap                 0x000002d5   Thumb Code    10  startup_msp432p401r_uvision.o(.text)
    __use_no_semihosting                     0x000002f9   Thumb Code     2  use_no_semi_2.o(.text)
    vsprintf                                 0x000002fd   Thumb Code    32  vsprintf.o(.text)
    __2printf                                0x00000321   Thumb Code    20  __2printf.o(.text)
    _printf_int_dec                          0x00000339   Thumb Code   104  _printf_dec.o(.text)
    __printf                                 0x000003b1   Thumb Code   388  __printf_flags_ss_wp.o(.text)
    __aeabi_memcpy4                          0x00000539   Thumb Code     0  rt_memcpy_w.o(.text)
    __aeabi_memcpy8                          0x00000539   Thumb Code     0  rt_memcpy_w.o(.text)
    __rt_memcpy_w                            0x00000539   Thumb Code   100  rt_memcpy_w.o(.text)
    _memcpy_lastbytes_aligned                0x00000581   Thumb Code     0  rt_memcpy_w.o(.text)
    __use_two_region_memory                  0x0000059d   Thumb Code     2  heapauxi.o(.text)
    __rt_heap_escrow$2region                 0x0000059f   Thumb Code     2  heapauxi.o(.text)
    __rt_heap_expand$2region                 0x000005a1   Thumb Code     2  heapauxi.o(.text)
    __I$use$semihosting                      0x000005a3   Thumb Code     0  use_no_semi.o(.text)
    __use_no_semihosting_swi                 0x000005a3   Thumb Code     2  use_no_semi.o(.text)
    __read_errno                             0x000005a5   Thumb Code    10  _rserrno.o(.text)
    __set_errno                              0x000005af   Thumb Code    12  _rserrno.o(.text)
    _printf_pre_padding                      0x000005bb   Thumb Code    44  _printf_pad.o(.text)
    _printf_post_padding                     0x000005e7   Thumb Code    34  _printf_pad.o(.text)
    _printf_truncate_signed                  0x00000609   Thumb Code    18  _printf_truncate.o(.text)
    _printf_truncate_unsigned                0x0000061b   Thumb Code    18  _printf_truncate.o(.text)
    _printf_str                              0x0000062d   Thumb Code    82  _printf_str.o(.text)
    _printf_int_common                       0x0000067f   Thumb Code   178  _printf_intcommon.o(.text)
    _printf_charcount                        0x00000731   Thumb Code    40  _printf_charcount.o(.text)
    __lib_sel_fp_printf                      0x00000759   Thumb Code     2  _printf_fp_dec.o(.text)
    _printf_fp_dec_real                      0x00000907   Thumb Code   620  _printf_fp_dec.o(.text)
    _printf_char_common                      0x00000b7f   Thumb Code    32  _printf_char_common.o(.text)
    _sputc                                   0x00000ba5   Thumb Code    10  _sputc.o(.text)
    _printf_char_file                        0x00000bb1   Thumb Code    32  _printf_char_file.o(.text)
    _printf_wctomb                           0x00000bd5   Thumb Code   182  _printf_wctomb.o(.text)
    _printf_longlong_dec                     0x00000c91   Thumb Code   108  _printf_longlong_dec.o(.text)
    _printf_longlong_oct                     0x00000d0d   Thumb Code    68  _printf_oct_int_ll.o(.text)
    _printf_int_oct                          0x00000d51   Thumb Code    24  _printf_oct_int_ll.o(.text)
    _printf_ll_oct                           0x00000d69   Thumb Code    12  _printf_oct_int_ll.o(.text)
    _printf_longlong_hex                     0x00000d7d   Thumb Code    86  _printf_hex_int_ll_ptr.o(.text)
    _printf_int_hex                          0x00000dd3   Thumb Code    28  _printf_hex_int_ll_ptr.o(.text)
    _printf_ll_hex                           0x00000def   Thumb Code    12  _printf_hex_int_ll_ptr.o(.text)
    _printf_hex_ptr                          0x00000dfb   Thumb Code    18  _printf_hex_int_ll_ptr.o(.text)
    __rt_locale                              0x00000e11   Thumb Code     8  rt_locale_intlibspace.o(.text)
    __aeabi_errno_addr                       0x00000e19   Thumb Code     8  rt_errno_addr_intlibspace.o(.text)
    __errno$intlibspace                      0x00000e19   Thumb Code     0  rt_errno_addr_intlibspace.o(.text)
    __rt_errno_addr$intlibspace              0x00000e19   Thumb Code     0  rt_errno_addr_intlibspace.o(.text)
    _ll_udiv10                               0x00000e21   Thumb Code   138  lludiv10.o(.text)
    _printf_fp_hex_real                      0x00000ead   Thumb Code   754  _printf_fp_hex.o(.text)
    _printf_fp_infnan                        0x000011a9   Thumb Code   112  _printf_fp_infnan.o(.text)
    _printf_cs_common                        0x00001229   Thumb Code    20  _printf_char.o(.text)
    _printf_char                             0x0000123d   Thumb Code    16  _printf_char.o(.text)
    _printf_string                           0x0000124d   Thumb Code     8  _printf_char.o(.text)
    _printf_lcs_common                       0x00001255   Thumb Code    20  _printf_wchar.o(.text)
    _printf_wchar                            0x00001269   Thumb Code    16  _printf_wchar.o(.text)
    _printf_wstring                          0x00001279   Thumb Code     8  _printf_wchar.o(.text)
    _btod_etento                             0x00001281   Thumb Code   216  bigflt0.o(.text)
    ferror                                   0x0000135d   Thumb Code     8  ferror.o(.text)
    _wcrtomb                                 0x00001365   Thumb Code    64  _wcrtomb.o(.text)
    __user_libspace                          0x000013a5   Thumb Code     8  libspace.o(.text)
    __user_perproc_libspace                  0x000013a5   Thumb Code     0  libspace.o(.text)
    __user_perthread_libspace                0x000013a5   Thumb Code     0  libspace.o(.text)
    __user_setup_stackheap                   0x000013ad   Thumb Code    74  sys_stackheap_outer.o(.text)
    __rt_ctype_table                         0x000013f9   Thumb Code    16  rt_ctype_table.o(.text)
    exit                                     0x00001409   Thumb Code    12  exit.o(.text)
    strcmp                                   0x00001415   Thumb Code   128  strcmpv7m.o(.text)
    _btod_d2e                                0x00001495   Thumb Code    62  btod.o(CL$$btod_d2e)
    _d2e_denorm_low                          0x000014d3   Thumb Code    70  btod.o(CL$$btod_d2e_denorm_low)
    _d2e_norm_op1                            0x00001519   Thumb Code    96  btod.o(CL$$btod_d2e_norm_op1)
    __btod_div_common                        0x00001579   Thumb Code   696  btod.o(CL$$btod_div_common)
    _e2e                                     0x000018b1   Thumb Code   198  btod.o(CL$$btod_e2e)
    _btod_ediv                               0x00001977   Thumb Code    40  btod.o(CL$$btod_ediv)
    _btod_emul                               0x0000199f   Thumb Code    40  btod.o(CL$$btod_emul)
    __btod_mult_common                       0x000019c7   Thumb Code   580  btod.o(CL$$btod_mult_common)
    ADC14_IRQHandler                         0x00001c0d   Thumb Code   130  bsp_adc14.o(i.ADC14_IRQHandler)
    ADC14_getMultiSequenceResult             0x00001cc5   Thumb Code    38  adc14.o(i.ADC14_getMultiSequenceResult)
    ADC14_getResult                          0x00001cf1   Thumb Code    26  adc14.o(i.ADC14_getResult)
    CS_clearInterruptFlag                    0x00001d11   Thumb Code    26  cs.o(i.CS_clearInterruptFlag)
    CS_getACLK                               0x00001d35   Thumb Code    20  cs.o(i.CS_getACLK)
    CS_getDCOFrequency                       0x00001d4d   Thumb Code   234  cs.o(i.CS_getDCOFrequency)
    CS_getMCLK                               0x00001e59   Thumb Code    20  cs.o(i.CS_getMCLK)
    CS_getSMCLK                              0x00001e71   Thumb Code    18  cs.o(i.CS_getSMCLK)
    CS_initClockSignal                       0x00001e89   Thumb Code   214  cs.o(i.CS_initClockSignal)
    CS_setExternalClockSourceFrequency       0x00001f71   Thumb Code     8  cs.o(i.CS_setExternalClockSourceFrequency)
    CS_startHFXT                             0x00001f7d   Thumb Code     6  cs.o(i.CS_startHFXT)
    CS_startHFXTWithTimeout                  0x00001f85   Thumb Code   144  cs.o(i.CS_startHFXTWithTimeout)
    CS_startLFXT                             0x00002025   Thumb Code     6  cs.o(i.CS_startLFXT)
    CS_startLFXTWithTimeout                  0x0000202d   Thumb Code   144  cs.o(i.CS_startLFXTWithTimeout)
    Computer_Data_Handle                     0x000020cd   Thumb Code    20  uart_0.o(i.Computer_Data_Handle)
    EUSCIA0_IRQHandler                       0x000020f9   Thumb Code   260  uart_0.o(i.EUSCIA0_IRQHandler)
    EUSCIA1_IRQHandler                       0x00002211   Thumb Code   256  uart_1.o(i.EUSCIA1_IRQHandler)
    EUSCIA2_IRQHandler                       0x00002325   Thumb Code   256  uart_2.o(i.EUSCIA2_IRQHandler)
    EUSCIA3_IRQHandler                       0x00002439   Thumb Code   258  uart_3.o(i.EUSCIA3_IRQHandler)
    Encoder_Configuration                    0x00002551   Thumb Code   178  motor.o(i.Encoder_Configuration)
    GPIO_clearInterruptFlag                  0x00002605   Thumb Code    14  gpio.o(i.GPIO_clearInterruptFlag)
    GPIO_enableInterrupt                     0x00002619   Thumb Code    14  gpio.o(i.GPIO_enableInterrupt)
    GPIO_getEnabledInterruptStatus           0x0000262d   Thumb Code    52  gpio.o(i.GPIO_getEnabledInterruptStatus)
    GPIO_getInputPinValue                    0x00002665   Thumb Code    16  gpio.o(i.GPIO_getInputPinValue)
    GPIO_getInterruptStatus                  0x00002679   Thumb Code    12  gpio.o(i.GPIO_getInterruptStatus)
    GPIO_interruptEdgeSelect                 0x00002689   Thumb Code    22  gpio.o(i.GPIO_interruptEdgeSelect)
    GPIO_setAsInputPin                       0x000026a5   Thumb Code    32  gpio.o(i.GPIO_setAsInputPin)
    GPIO_setAsInputPinWithPullUpResistor     0x000026c9   Thumb Code    38  gpio.o(i.GPIO_setAsInputPinWithPullUpResistor)
    GPIO_setAsOutputPin                      0x000026f5   Thumb Code    26  gpio.o(i.GPIO_setAsOutputPin)
    GPIO_setAsPeripheralModuleFunctionOutputPin 0x00002715   Thumb Code    56  gpio.o(i.GPIO_setAsPeripheralModuleFunctionOutputPin)
    GPIO_setOutputHighOnPin                  0x00002751   Thumb Code    14  gpio.o(i.GPIO_setOutputHighOnPin)
    GPIO_setOutputLowOnPin                   0x00002765   Thumb Code    14  gpio.o(i.GPIO_setOutputLowOnPin)
    GetAngle                                 0x00002779   Thumb Code  1124  mpu6050.o(i.GetAngle)
    GetMotorPulse                            0x00002bdd   Thumb Code   130  motor.o(i.GetMotorPulse)
    Gray_Search                              0x00002ca1   Thumb Code   238  graysensor.o(i.Gray_Search)
    IIC_Ack                                  0x00002db1   Thumb Code    58  myiic.o(i.IIC_Ack)
    IIC_NAck                                 0x00002deb   Thumb Code    58  myiic.o(i.IIC_NAck)
    IIC_Read_Byte                            0x00002e25   Thumb Code    86  myiic.o(i.IIC_Read_Byte)
    IIC_Send_Byte                            0x00002e7b   Thumb Code   106  myiic.o(i.IIC_Send_Byte)
    IIC_Start                                0x00002ee5   Thumb Code    58  myiic.o(i.IIC_Start)
    IIC_Stop                                 0x00002f1f   Thumb Code    58  myiic.o(i.IIC_Stop)
    IIC_Wait_Ack                             0x00002f59   Thumb Code    66  myiic.o(i.IIC_Wait_Ack)
    Interrupt_enableInterrupt                0x00002f9d   Thumb Code    84  interrupt.o(i.Interrupt_enableInterrupt)
    Interrupt_enableMaster                   0x00002ff9   Thumb Code    14  interrupt.o(i.Interrupt_enableMaster)
    Interrupt_setPriority                    0x00003009   Thumb Code    30  interrupt.o(i.Interrupt_setPriority)
    KEY_Init                                 0x0000302d   Thumb Code    80  key.o(i.KEY_Init)
    LED_G_Tog                                0x0000307d   Thumb Code    14  led.o(i.LED_G_Tog)
    LED_Init                                 0x00003091   Thumb Code    42  led.o(i.LED_Init)
    Location_pid_realize                     0x000030c5   Thumb Code   172  pid.o(i.Location_pid_realize)
    MPU6050ReadAcc                           0x0000319d   Thumb Code    66  mpu6050.o(i.MPU6050ReadAcc)
    MPU6050ReadGyro                          0x000031df   Thumb Code    66  mpu6050.o(i.MPU6050ReadGyro)
    MPU6050_ReadAll                          0x00003221   Thumb Code   270  mpu6050.o(i.MPU6050_ReadAll)
    MPU6050_ReadData                         0x00003341   Thumb Code    92  mpu6050.o(i.MPU6050_ReadData)
    MPU6050_ReturnTemp                       0x0000339d   Thumb Code    66  mpu6050.o(i.MPU6050_ReturnTemp)
    Motor_L_back                             0x000033f1   Thumb Code    26  motor.o(i.Motor_L_back)
    Motor_L_forward                          0x00003411   Thumb Code    26  motor.o(i.Motor_L_forward)
    Motor_L_stop                             0x00003431   Thumb Code    26  motor.o(i.Motor_L_stop)
    Motor_R_back                             0x00003451   Thumb Code    26  motor.o(i.Motor_R_back)
    Motor_R_forward                          0x00003471   Thumb Code    26  motor.o(i.Motor_R_forward)
    Motor_R_stop                             0x00003491   Thumb Code    22  motor.o(i.Motor_R_stop)
    Motors_Control                           0x000034a7   Thumb Code    52  motor.o(i.Motors_Control)
    Motors_IO_Init                           0x000034db   Thumb Code    30  motor.o(i.Motors_IO_Init)
    Motors_Timer_Init                        0x000034f9   Thumb Code    80  motor.o(i.Motors_Timer_Init)
    Mpu_Read_Yaw                             0x00003549   Thumb Code    32  mpu6050.o(i.Mpu_Read_Yaw)
    OLED_Fill                                0x00003571   Thumb Code    54  oled.o(i.OLED_Fill)
    OLED_Init                                0x000035a7   Thumb Code   256  oled.o(i.OLED_Init)
    OLED_Set_Pos                             0x000036a7   Thumb Code    36  oled.o(i.OLED_Set_Pos)
    OLED_WrCmd                               0x000036cb   Thumb Code    76  oled.o(i.OLED_WrCmd)
    OLED_WrDat                               0x00003717   Thumb Code    74  oled.o(i.OLED_WrDat)
    PORT1_IRQHandler                         0x00003761   Thumb Code   100  motor.o(i.PORT1_IRQHandler)
    PORT2_IRQHandler                         0x000037c9   Thumb Code   100  motor.o(i.PORT2_IRQHandler)
    Q_rsqrt                                  0x00003831   Thumb Code    40  mpu6050.o(i.Q_rsqrt)
    SendDataToLcd                            0x0000385d   Thumb Code    38  uart_3.o(i.SendDataToLcd)
    Set_Left_Dir                             0x00003889   Thumb Code    38  motor.o(i.Set_Left_Dir)
    Set_Left_Speed                           0x000038b5   Thumb Code    24  motor.o(i.Set_Left_Speed)
    Set_Right_Dir                            0x000038d5   Thumb Code    38  motor.o(i.Set_Right_Dir)
    Set_Right_Speed                          0x00003901   Thumb Code    26  motor.o(i.Set_Right_Speed)
    Speeds_Pid_Control                       0x00003925   Thumb Code   304  motor.o(i.Speeds_Pid_Control)
    SysCtl_A_disableNMISource                0x00003a8d   Thumb Code    10  sysctl_a.o(i.SysCtl_A_disableNMISource)
    SysCtl_A_enableNMISource                 0x00003a9d   Thumb Code    10  sysctl_a.o(i.SysCtl_A_enableNMISource)
    SysCtl_A_getNMISourceStatus              0x00003aad   Thumb Code    10  sysctl_a.o(i.SysCtl_A_getNMISourceStatus)
    SysCtl_A_getTLVInfo                      0x00003abd   Thumb Code    64  sysctl_a.o(i.SysCtl_A_getTLVInfo)
    SysInit                                  0x00003b05   Thumb Code   124  sysinit.o(i.SysInit)
    SysTick_Handler                          0x00003b8d   Thumb Code     2  bsp_systick.o(i.SysTick_Handler)
    SystemInit                               0x00003b91   Thumb Code   118  system_msp432p401r.o(i.SystemInit)
    T32_INT1_IRQHandler                      0x00003c25   Thumb Code   560  tim32_0.o(i.T32_INT1_IRQHandler)
    T32_INT2_IRQHandler                      0x00003eb1   Thumb Code     6  tim32_1.o(i.T32_INT2_IRQHandler)
    TA0_0_IRQHandler                         0x00003ebd   Thumb Code    22  tim_a0.o(i.TA0_0_IRQHandler)
    TA0_N_IRQHandler                         0x00003ed9   Thumb Code    12  tim_a0.o(i.TA0_N_IRQHandler)
    TA1_0_IRQHandler                         0x00003ee9   Thumb Code    12  tim_a1.o(i.TA1_0_IRQHandler)
    TA1_N_IRQHandler                         0x00003efd   Thumb Code    12  tim_a1.o(i.TA1_N_IRQHandler)
    TA2_0_IRQHandler                         0x00003f11   Thumb Code    12  tim_a2.o(i.TA2_0_IRQHandler)
    TA2_N_IRQHandler                         0x00003f25   Thumb Code   216  tim_a2.o(i.TA2_N_IRQHandler)
    TA3_0_IRQHandler                         0x00004021   Thumb Code    12  tim_a3.o(i.TA3_0_IRQHandler)
    TA3_N_IRQHandler                         0x00004035   Thumb Code    12  tim_a3.o(i.TA3_N_IRQHandler)
    TimA2_Cap_Init                           0x00004049   Thumb Code   110  tim_a2.o(i.TimA2_Cap_Init)
    Timer32_clearInterruptFlag               0x000040c5   Thumb Code    10  timer32.o(i.Timer32_clearInterruptFlag)
    Timer_A_generatePWM                      0x000040cf   Thumb Code    76  timer_a.o(i.Timer_A_generatePWM)
    Timer_A_getCaptureCompareCount           0x0000411b   Thumb Code    16  timer_a.o(i.Timer_A_getCaptureCompareCount)
    Timer_A_getCaptureCompareEnabledInterruptStatus 0x0000412b   Thumb Code    34  timer_a.o(i.Timer_A_getCaptureCompareEnabledInterruptStatus)
    Timer_A_getCaptureCompareInterruptStatus 0x0000414d   Thumb Code    18  timer_a.o(i.Timer_A_getCaptureCompareInterruptStatus)
    Timer_A_getEnabledInterruptStatus        0x0000415f   Thumb Code    18  timer_a.o(i.Timer_A_getEnabledInterruptStatus)
    UART_clearInterruptFlag                  0x00004171   Thumb Code     8  uart.o(i.UART_clearInterruptFlag)
    UART_enableInterrupt                     0x00004179   Thumb Code    22  uart.o(i.UART_enableInterrupt)
    UART_enableModule                        0x0000418f   Thumb Code    12  uart.o(i.UART_enableModule)
    UART_getEnabledInterruptStatus           0x0000419b   Thumb Code    38  uart.o(i.UART_getEnabledInterruptStatus)
    UART_initModule                          0x000041c1   Thumb Code   146  uart.o(i.UART_initModule)
    UART_receiveData                         0x00004253   Thumb Code    24  uart.o(i.UART_receiveData)
    UART_send_Byte                           0x0000426d   Thumb Code    70  bsp_uart.o(i.UART_send_Byte)
    UART_send_string                         0x000042c5   Thumb Code    26  bsp_uart.o(i.UART_send_string)
    UART_transmitData                        0x000042df   Thumb Code    22  uart.o(i.UART_transmitData)
    UltrasonicWave_Measure                   0x000042f5   Thumb Code    20  sr04.o(i.UltrasonicWave_Measure)
    UltrasonicWave_StartMeasure              0x0000430d   Thumb Code    28  sr04.o(i.UltrasonicWave_StartMeasure)
    UltrasonicWave_TimerInit                 0x00004329   Thumb Code     4  sr04.o(i.UltrasonicWave_TimerInit)
    __ARM_fpclassify                         0x00004485   Thumb Code    48  fpclassify.o(i.__ARM_fpclassify)
    __ARM_fpclassifyf                        0x000044b5   Thumb Code    38  fpclassifyf.o(i.__ARM_fpclassifyf)
    __hardfp_asin                            0x000044e1   Thumb Code   770  asin.o(i.__hardfp_asin)
    __hardfp_atan2f                          0x00004841   Thumb Code   502  atan2f.o(i.__hardfp_atan2f)
    __hardfp_pow                             0x00004a91   Thumb Code  3044  pow.o(i.__hardfp_pow)
    __kernel_poly                            0x000056c9   Thumb Code   248  poly.o(i.__kernel_poly)
    __mathlib_dbl_divzero                    0x000057c1   Thumb Code    28  dunder.o(i.__mathlib_dbl_divzero)
    __mathlib_dbl_infnan                     0x000057f1   Thumb Code    20  dunder.o(i.__mathlib_dbl_infnan)
    __mathlib_dbl_infnan2                    0x00005805   Thumb Code    20  dunder.o(i.__mathlib_dbl_infnan2)
    __mathlib_dbl_invalid                    0x00005819   Thumb Code    24  dunder.o(i.__mathlib_dbl_invalid)
    __mathlib_dbl_overflow                   0x00005839   Thumb Code    24  dunder.o(i.__mathlib_dbl_overflow)
    __mathlib_dbl_underflow                  0x00005859   Thumb Code    24  dunder.o(i.__mathlib_dbl_underflow)
    __mathlib_flt_infnan2                    0x00005879   Thumb Code     6  funder.o(i.__mathlib_flt_infnan2)
    __mathlib_flt_underflow                  0x00005881   Thumb Code    10  funder.o(i.__mathlib_flt_underflow)
    _is_digit                                0x000059e7   Thumb Code    14  __printf_wp.o(i._is_digit)
    _sys_exit                                0x000059f5   Thumb Code     2  uart_0.o(i._sys_exit)
    bitPosition                              0x000059f7   Thumb Code    16  baudrate_calculate.o(i.bitPosition)
    delay_init                               0x00005a09   Thumb Code    30  delay.o(i.delay_init)
    delay_ms                                 0x00005a31   Thumb Code    24  delay.o(i.delay_ms)
    delay_us                                 0x00005a49   Thumb Code    46  delay.o(i.delay_us)
    eusci_calcBaudDividers                   0x00005a7d   Thumb Code   282  baudrate_calculate.o(i.eusci_calcBaudDividers)
    fabs                                     0x00005ba9   Thumb Code    24  fabs.o(i.fabs)
    fputc                                    0x00005bc1   Thumb Code    16  uart_0.o(i.fputc)
    kalman_1                                 0x00005bd5   Thumb Code    66  mpu6050.o(i.kalman_1)
    main                                     0x00005c19   Thumb Code   118  main.o(i.main)
    set_pid_target                           0x00005d65   Thumb Code     6  pid.o(i.set_pid_target)
    speed_pid_realize                        0x00005d6d   Thumb Code   136  pid.o(i.speed_pid_realize)
    sqrt                                     0x00005e09   Thumb Code   110  sqrt.o(i.sqrt)
    uart_0_init                              0x00005e79   Thumb Code    72  uart_0.o(i.uart_0_init)
    uart_1_init                              0x00005ec9   Thumb Code    68  uart_1.o(i.uart_1_init)
    uart_3_init                              0x00005f15   Thumb Code    68  uart_3.o(i.uart_3_init)
    _get_lc_numeric                          0x00005f61   Thumb Code    44  lc_numeric_c.o(locale$$code)
    _get_lc_ctype                            0x00005f8d   Thumb Code    44  lc_ctype_c.o(locale$$code)
    __aeabi_dneg                             0x00005fb9   Thumb Code     0  basic.o(x$fpl$basic)
    _dneg                                    0x00005fb9   Thumb Code     6  basic.o(x$fpl$basic)
    __aeabi_fneg                             0x00005fbf   Thumb Code     0  basic.o(x$fpl$basic)
    _fneg                                    0x00005fbf   Thumb Code     6  basic.o(x$fpl$basic)
    _dabs                                    0x00005fc5   Thumb Code     6  basic.o(x$fpl$basic)
    _fabs                                    0x00005fcb   Thumb Code     6  basic.o(x$fpl$basic)
    __aeabi_d2f                              0x00005fd1   Thumb Code     0  d2f.o(x$fpl$d2f)
    _d2f                                     0x00005fd1   Thumb Code    98  d2f.o(x$fpl$d2f)
    __aeabi_dadd                             0x00006035   Thumb Code     0  daddsub_clz.o(x$fpl$dadd)
    _dadd                                    0x00006035   Thumb Code   332  daddsub_clz.o(x$fpl$dadd)
    __fpl_dcheck_NaN1                        0x00006185   Thumb Code    10  dcheck1.o(x$fpl$dcheck1)
    __fpl_dcmp_Inf                           0x00006195   Thumb Code    24  dcmpi.o(x$fpl$dcmpinf)
    __aeabi_ddiv                             0x000061ad   Thumb Code     0  ddiv.o(x$fpl$ddiv)
    _ddiv                                    0x000061ad   Thumb Code   552  ddiv.o(x$fpl$ddiv)
    __aeabi_d2uiz                            0x0000645d   Thumb Code     0  dfixu.o(x$fpl$dfixu)
    _dfixu                                   0x0000645d   Thumb Code    90  dfixu.o(x$fpl$dfixu)
    __aeabi_i2d                              0x000064b7   Thumb Code     0  dflt_clz.o(x$fpl$dflt)
    _dflt                                    0x000064b7   Thumb Code    46  dflt_clz.o(x$fpl$dflt)
    __aeabi_ui2d                             0x000064e5   Thumb Code     0  dflt_clz.o(x$fpl$dfltu)
    _dfltu                                   0x000064e5   Thumb Code    38  dflt_clz.o(x$fpl$dfltu)
    __aeabi_cdcmple                          0x0000650d   Thumb Code     0  dleqf.o(x$fpl$dleqf)
    _dcmple                                  0x0000650d   Thumb Code   120  dleqf.o(x$fpl$dleqf)
    __fpl_dcmple_InfNaN                      0x0000656f   Thumb Code     0  dleqf.o(x$fpl$dleqf)
    __aeabi_dmul                             0x00006585   Thumb Code     0  dmul.o(x$fpl$dmul)
    _dmul                                    0x00006585   Thumb Code   332  dmul.o(x$fpl$dmul)
    __fpl_dnaninf                            0x000066d9   Thumb Code   156  dnaninf.o(x$fpl$dnaninf)
    __fpl_dretinf                            0x00006775   Thumb Code    12  dretinf.o(x$fpl$dretinf)
    __aeabi_cdrcmple                         0x00006781   Thumb Code     0  drleqf.o(x$fpl$drleqf)
    _drcmple                                 0x00006781   Thumb Code   108  drleqf.o(x$fpl$drleqf)
    __aeabi_drsub                            0x000067ed   Thumb Code     0  daddsub_clz.o(x$fpl$drsb)
    _drsb                                    0x000067ed   Thumb Code    22  daddsub_clz.o(x$fpl$drsb)
    _dsqrt                                   0x00006805   Thumb Code   404  dsqrt_umaal.o(x$fpl$dsqrt)
    __aeabi_dsub                             0x0000699d   Thumb Code     0  daddsub_clz.o(x$fpl$dsub)
    _dsub                                    0x0000699d   Thumb Code   464  daddsub_clz.o(x$fpl$dsub)
    __aeabi_f2d                              0x00006b71   Thumb Code     0  f2d.o(x$fpl$f2d)
    _f2d                                     0x00006b71   Thumb Code    86  f2d.o(x$fpl$f2d)
    __fpl_fnaninf                            0x00006bc7   Thumb Code   140  fnaninf.o(x$fpl$fnaninf)
    _fp_init                                 0x00006c53   Thumb Code    10  fpinit.o(x$fpl$fpinit)
    __fplib_config_fpu_vfp                   0x00006c5b   Thumb Code     0  fpinit.o(x$fpl$fpinit)
    __fplib_config_pureend_doubles           0x00006c5b   Thumb Code     0  fpinit.o(x$fpl$fpinit)
    __fpl_fretinf                            0x00006c5d   Thumb Code    10  fretinf.o(x$fpl$fretinf)
    _printf_fp_dec                           0x00006c67   Thumb Code     4  printf1.o(x$fpl$printf1)
    _printf_fp_hex                           0x00006c6b   Thumb Code     4  printf2.o(x$fpl$printf2)
    __fpl_return_NaN                         0x00006c6f   Thumb Code   100  retnan.o(x$fpl$retnan)
    __ARM_scalbn                             0x00006cd3   Thumb Code    92  scalbn.o(x$fpl$scalbn)
    __fpl_cmpreturn                          0x00006d2f   Thumb Code    48  trapv.o(x$fpl$trapveneer)
    __I$use$fp                               0x00006d5e   Number         0  usenofp.o(x$fpl$usenofp)
    __mathlib_zero                           0x00007078   Data           8  qnan.o(.constdata)
    Region$$Table$$Base                      0x0000713c   Number         0  anon$$obj.o(Region$$Table)
    Region$$Table$$Limit                     0x0000715c   Number         0  anon$$obj.o(Region$$Table)
    __ctype                                  0x00007185   Data           0  lc_ctype_c.o(locale$$data)
    TIMA2_CAP_STA                            0x20000004   Data           1  tim_a2.o(.data)
    TIMA2_CAP_VAL                            0x20000006   Data           2  tim_a2.o(.data)
    Computer_Rxstate                         0x2000000c   Data           1  uart_0.o(.data)
    Computer_Rxcount                         0x2000000d   Data           1  uart_0.o(.data)
    Computer_Rxbuffer                        0x2000000e   Data           1  uart_0.o(.data)
    Computer_Data                            0x20000012   Data           8  uart_0.o(.data)
    __stdout                                 0x2000001c   Data           4  uart_0.o(.data)
    Ble_Rxstate                              0x20000020   Data           1  uart_1.o(.data)
    Ble_Rxcount                              0x20000021   Data           1  uart_1.o(.data)
    Ble_Rxbuffer                             0x20000022   Data           1  uart_1.o(.data)
    Ble_Data                                 0x20000026   Data           8  uart_1.o(.data)
    Openmv_Rxstate                           0x2000002e   Data           1  uart_2.o(.data)
    Openmv_Rxcount                           0x2000002f   Data           1  uart_2.o(.data)
    Openmv_Rxbuffer                          0x20000030   Data           1  uart_2.o(.data)
    Openmv_Data                              0x20000034   Data           8  uart_2.o(.data)
    Lcd_Rxstate                              0x2000003c   Data           1  uart_3.o(.data)
    Lcd_Rxcount                              0x2000003d   Data           1  uart_3.o(.data)
    Lcd_Rxbuffer                             0x2000003e   Data           1  uart_3.o(.data)
    Lcd_Data                                 0x20000044   Data           8  uart_3.o(.data)
    sr04_distance                            0x20000050   Data           4  sr04.o(.data)
    Now_Left_Dir                             0x20000058   Data           1  motor.o(.data)
    Now_Right_Dir                            0x20000059   Data           1  motor.o(.data)
    Line_flag                                0x2000005a   Data           1  motor.o(.data)
    Turn_flag                                0x2000005b   Data           1  motor.o(.data)
    Stop_flag                                0x2000005c   Data           1  motor.o(.data)
    left_en_flag                             0x2000005d   Data           1  motor.o(.data)
    right_en_flag                            0x2000005e   Data           1  motor.o(.data)
    spin_start_flag                          0x2000005f   Data           1  motor.o(.data)
    spin_succeed_flag                        0x20000060   Data           1  motor.o(.data)
    Now_Left_Pwm                             0x20000062   Data           2  motor.o(.data)
    Now_Right_Pwm                            0x20000064   Data           2  motor.o(.data)
    Motor_Shaft_Speed                        0x20000068   Data           4  motor.o(.data)
    Left_Once_Pulse                          0x2000006c   Data           4  motor.o(.data)
    Right_Once_Pulse                         0x20000070   Data           4  motor.o(.data)
    Left_Total_Pulse                         0x20000074   Data           4  motor.o(.data)
    Right_Total_Pulse                        0x20000078   Data           4  motor.o(.data)
    last_car_yaw                             0x2000007c   Data           4  motor.o(.data)
    target_yaw                               0x20000080   Data           4  motor.o(.data)
    Left_journey_pulse                       0x20000088   Data           8  motor.o(.data)
    Right_journey_pulse                      0x20000090   Data           8  motor.o(.data)
    LineGo_Target_Maichong                   0x20000098   Data           8  motor.o(.data)
    now_car_yaw                              0x200000a0   Data           4  motor.o(.data)
    stop_count                               0x200000a4   Data           2  motor.o(.data)
    spin_count                               0x200000a6   Data           2  motor.o(.data)
    High_Offset                              0x200000a8   Data           4  mpu6050.o(.data)
    L2_flag                                  0x20000110   Data           1  graysensor.o(.data)
    L1_flag                                  0x20000111   Data           1  graysensor.o(.data)
    MID_flag                                 0x20000112   Data           1  graysensor.o(.data)
    R1_flag                                  0x20000113   Data           1  graysensor.o(.data)
    R2_flag                                  0x20000114   Data           1  graysensor.o(.data)
    Search_Buchang                           0x20000118   Data           4  graysensor.o(.data)
    Computer_Rxbuff                          0x20000124   Data         400  uart_0.o(.bss)
    Ble_Rxbuff                               0x200002b4   Data         400  uart_1.o(.bss)
    Openmv_Rxbuff                            0x20000444   Data         400  uart_2.o(.bss)
    Lcd_Rxbuff                               0x200005d4   Data         400  uart_3.o(.bss)
    pid_left_speed                           0x20000764   Data          32  pid.o(.bss)
    pid_right_speed                          0x20000784   Data          32  pid.o(.bss)
    pid_left_location                        0x200007a4   Data          32  pid.o(.bss)
    pid_right_location                       0x200007c4   Data          32  pid.o(.bss)
    Angle                                    0x200007e4   Data          12  mpu6050.o(.bss)
    Mpu6050_Dat                              0x200007f0   Data          16  mpu6050.o(.bss)
    Mpu6050_Offset                           0x20000800   Data          16  mpu6050.o(.bss)
    __libspace_start                         0x20000828   Data          96  libspace.o(.bss)
    __temporary_stack_top$libspace           0x20000888   Data           0  libspace.o(.bss)



==============================================================================

Memory Map of the image

  Image Entry point : 0x00000145

  Load Region LR_IROM1 (Base: 0x00000000, Size: 0x000073ac, Max: 0x00040000, ABSOLUTE)

    Execution Region ER_IROM1 (Base: 0x00000000, Size: 0x00007288, Max: 0x00040000, ABSOLUTE)

    Base Addr    Size         Type   Attr      Idx    E Section Name        Object

    0x00000000   0x00000144   Data   RO          316    RESET               startup_msp432p401r_uvision.o
    0x00000144   0x00000008   Code   RO         3338  * !!!main             c_w.l(__main.o)
    0x0000014c   0x00000034   Code   RO         3785    !!!scatter          c_w.l(__scatter.o)
    0x00000180   0x0000001a   Code   RO         3787    !!handler_copy      c_w.l(__scatter_copy.o)
    0x0000019a   0x00000002   PAD
    0x0000019c   0x0000001c   Code   RO         3789    !!handler_zi        c_w.l(__scatter_zi.o)
    0x000001b8   0x00000000   Code   RO         3329    .ARM.Collect$$_printf_percent$$00000000  c_w.l(_printf_percent.o)
    0x000001b8   0x00000006   Code   RO         3469    .ARM.Collect$$_printf_percent$$00000001  c_w.l(_printf_n.o)
    0x000001be   0x00000006   Code   RO         3471    .ARM.Collect$$_printf_percent$$00000002  c_w.l(_printf_p.o)
    0x000001c4   0x00000006   Code   RO         3328    .ARM.Collect$$_printf_percent$$00000003  c_w.l(_printf_f.o)
    0x000001ca   0x00000006   Code   RO         3475    .ARM.Collect$$_printf_percent$$00000004  c_w.l(_printf_e.o)
    0x000001d0   0x00000006   Code   RO         3476    .ARM.Collect$$_printf_percent$$00000005  c_w.l(_printf_g.o)
    0x000001d6   0x00000006   Code   RO         3477    .ARM.Collect$$_printf_percent$$00000006  c_w.l(_printf_a.o)
    0x000001dc   0x0000000a   Code   RO         3482    .ARM.Collect$$_printf_percent$$00000007  c_w.l(_printf_ll.o)
    0x000001e6   0x00000006   Code   RO         3473    .ARM.Collect$$_printf_percent$$00000008  c_w.l(_printf_i.o)
    0x000001ec   0x00000006   Code   RO         3327    .ARM.Collect$$_printf_percent$$00000009  c_w.l(_printf_d.o)
    0x000001f2   0x00000006   Code   RO         3474    .ARM.Collect$$_printf_percent$$0000000A  c_w.l(_printf_u.o)
    0x000001f8   0x00000006   Code   RO         3472    .ARM.Collect$$_printf_percent$$0000000B  c_w.l(_printf_o.o)
    0x000001fe   0x00000006   Code   RO         3470    .ARM.Collect$$_printf_percent$$0000000C  c_w.l(_printf_x.o)
    0x00000204   0x00000006   Code   RO         3479    .ARM.Collect$$_printf_percent$$0000000D  c_w.l(_printf_lli.o)
    0x0000020a   0x00000006   Code   RO         3480    .ARM.Collect$$_printf_percent$$0000000E  c_w.l(_printf_lld.o)
    0x00000210   0x00000006   Code   RO         3481    .ARM.Collect$$_printf_percent$$0000000F  c_w.l(_printf_llu.o)
    0x00000216   0x00000006   Code   RO         3486    .ARM.Collect$$_printf_percent$$00000010  c_w.l(_printf_llo.o)
    0x0000021c   0x00000006   Code   RO         3487    .ARM.Collect$$_printf_percent$$00000011  c_w.l(_printf_llx.o)
    0x00000222   0x0000000a   Code   RO         3483    .ARM.Collect$$_printf_percent$$00000012  c_w.l(_printf_l.o)
    0x0000022c   0x00000006   Code   RO         3467    .ARM.Collect$$_printf_percent$$00000013  c_w.l(_printf_c.o)
    0x00000232   0x00000006   Code   RO         3468    .ARM.Collect$$_printf_percent$$00000014  c_w.l(_printf_s.o)
    0x00000238   0x00000006   Code   RO         3484    .ARM.Collect$$_printf_percent$$00000015  c_w.l(_printf_lc.o)
    0x0000023e   0x00000006   Code   RO         3485    .ARM.Collect$$_printf_percent$$00000016  c_w.l(_printf_ls.o)
    0x00000244   0x00000004   Code   RO         3478    .ARM.Collect$$_printf_percent$$00000017  c_w.l(_printf_percent_end.o)
    0x00000248   0x00000002   Code   RO         3656    .ARM.Collect$$libinit$$00000000  c_w.l(libinit.o)
    0x0000024a   0x00000004   Code   RO         3657    .ARM.Collect$$libinit$$00000001  c_w.l(libinit2.o)
    0x0000024e   0x00000000   Code   RO         3660    .ARM.Collect$$libinit$$00000004  c_w.l(libinit2.o)
    0x0000024e   0x00000000   Code   RO         3663    .ARM.Collect$$libinit$$0000000A  c_w.l(libinit2.o)
    0x0000024e   0x00000000   Code   RO         3665    .ARM.Collect$$libinit$$0000000C  c_w.l(libinit2.o)
    0x0000024e   0x00000000   Code   RO         3667    .ARM.Collect$$libinit$$0000000E  c_w.l(libinit2.o)
    0x0000024e   0x00000006   Code   RO         3668    .ARM.Collect$$libinit$$0000000F  c_w.l(libinit2.o)
    0x00000254   0x00000000   Code   RO         3670    .ARM.Collect$$libinit$$00000011  c_w.l(libinit2.o)
    0x00000254   0x0000000c   Code   RO         3671    .ARM.Collect$$libinit$$00000012  c_w.l(libinit2.o)
    0x00000260   0x00000000   Code   RO         3672    .ARM.Collect$$libinit$$00000013  c_w.l(libinit2.o)
    0x00000260   0x00000000   Code   RO         3674    .ARM.Collect$$libinit$$00000015  c_w.l(libinit2.o)
    0x00000260   0x0000000a   Code   RO         3675    .ARM.Collect$$libinit$$00000016  c_w.l(libinit2.o)
    0x0000026a   0x00000000   Code   RO         3676    .ARM.Collect$$libinit$$00000017  c_w.l(libinit2.o)
    0x0000026a   0x00000000   Code   RO         3678    .ARM.Collect$$libinit$$00000019  c_w.l(libinit2.o)
    0x0000026a   0x00000000   Code   RO         3680    .ARM.Collect$$libinit$$0000001B  c_w.l(libinit2.o)
    0x0000026a   0x00000000   Code   RO         3682    .ARM.Collect$$libinit$$0000001D  c_w.l(libinit2.o)
    0x0000026a   0x00000000   Code   RO         3684    .ARM.Collect$$libinit$$0000001F  c_w.l(libinit2.o)
    0x0000026a   0x00000000   Code   RO         3686    .ARM.Collect$$libinit$$00000021  c_w.l(libinit2.o)
    0x0000026a   0x00000000   Code   RO         3688    .ARM.Collect$$libinit$$00000023  c_w.l(libinit2.o)
    0x0000026a   0x00000000   Code   RO         3690    .ARM.Collect$$libinit$$00000025  c_w.l(libinit2.o)
    0x0000026a   0x00000000   Code   RO         3694    .ARM.Collect$$libinit$$0000002C  c_w.l(libinit2.o)
    0x0000026a   0x00000000   Code   RO         3696    .ARM.Collect$$libinit$$0000002E  c_w.l(libinit2.o)
    0x0000026a   0x00000000   Code   RO         3698    .ARM.Collect$$libinit$$00000030  c_w.l(libinit2.o)
    0x0000026a   0x00000000   Code   RO         3700    .ARM.Collect$$libinit$$00000032  c_w.l(libinit2.o)
    0x0000026a   0x00000002   Code   RO         3701    .ARM.Collect$$libinit$$00000033  c_w.l(libinit2.o)
    0x0000026c   0x00000002   Code   RO         3736    .ARM.Collect$$libshutdown$$00000000  c_w.l(libshutdown.o)
    0x0000026e   0x00000000   Code   RO         3746    .ARM.Collect$$libshutdown$$00000003  c_w.l(libshutdown2.o)
    0x0000026e   0x00000000   Code   RO         3749    .ARM.Collect$$libshutdown$$00000006  c_w.l(libshutdown2.o)
    0x0000026e   0x00000000   Code   RO         3752    .ARM.Collect$$libshutdown$$00000009  c_w.l(libshutdown2.o)
    0x0000026e   0x00000000   Code   RO         3754    .ARM.Collect$$libshutdown$$0000000B  c_w.l(libshutdown2.o)
    0x0000026e   0x00000000   Code   RO         3757    .ARM.Collect$$libshutdown$$0000000E  c_w.l(libshutdown2.o)
    0x0000026e   0x00000002   Code   RO         3758    .ARM.Collect$$libshutdown$$0000000F  c_w.l(libshutdown2.o)
    0x00000270   0x00000000   Code   RO         3414    .ARM.Collect$$rtentry$$00000000  c_w.l(__rtentry.o)
    0x00000270   0x00000000   Code   RO         3563    .ARM.Collect$$rtentry$$00000002  c_w.l(__rtentry2.o)
    0x00000270   0x00000006   Code   RO         3575    .ARM.Collect$$rtentry$$00000004  c_w.l(__rtentry4.o)
    0x00000276   0x00000000   Code   RO         3565    .ARM.Collect$$rtentry$$00000009  c_w.l(__rtentry2.o)
    0x00000276   0x00000004   Code   RO         3566    .ARM.Collect$$rtentry$$0000000A  c_w.l(__rtentry2.o)
    0x0000027a   0x00000000   Code   RO         3568    .ARM.Collect$$rtentry$$0000000C  c_w.l(__rtentry2.o)
    0x0000027a   0x00000008   Code   RO         3569    .ARM.Collect$$rtentry$$0000000D  c_w.l(__rtentry2.o)
    0x00000282   0x00000002   Code   RO         3704    .ARM.Collect$$rtexit$$00000000  c_w.l(rtexit.o)
    0x00000284   0x00000000   Code   RO         3716    .ARM.Collect$$rtexit$$00000002  c_w.l(rtexit2.o)
    0x00000284   0x00000004   Code   RO         3717    .ARM.Collect$$rtexit$$00000003  c_w.l(rtexit2.o)
    0x00000288   0x00000006   Code   RO         3718    .ARM.Collect$$rtexit$$00000004  c_w.l(rtexit2.o)
    0x0000028e   0x00000002   PAD
    0x00000290   0x00000026   Code   RO         3138    .emb_text           msp432p4xx_driverlib.lib(cpu.o)
    0x000002b6   0x00000002   PAD
    0x000002b8   0x00000040   Code   RO          317    .text               startup_msp432p401r_uvision.o
    0x000002f8   0x00000002   Code   RO         3291    .text               c_w.l(use_no_semi_2.o)
    0x000002fa   0x00000002   PAD
    0x000002fc   0x00000024   Code   RO         3293    .text               c_w.l(vsprintf.o)
    0x00000320   0x00000018   Code   RO         3295    .text               c_w.l(__2printf.o)
    0x00000338   0x00000078   Code   RO         3305    .text               c_w.l(_printf_dec.o)
    0x000003b0   0x00000188   Code   RO         3324    .text               c_w.l(__printf_flags_ss_wp.o)
    0x00000538   0x00000064   Code   RO         3332    .text               c_w.l(rt_memcpy_w.o)
    0x0000059c   0x00000006   Code   RO         3336    .text               c_w.l(heapauxi.o)
    0x000005a2   0x00000002   Code   RO         3412    .text               c_w.l(use_no_semi.o)
    0x000005a4   0x00000016   Code   RO         3415    .text               c_w.l(_rserrno.o)
    0x000005ba   0x0000004e   Code   RO         3417    .text               c_w.l(_printf_pad.o)
    0x00000608   0x00000024   Code   RO         3419    .text               c_w.l(_printf_truncate.o)
    0x0000062c   0x00000052   Code   RO         3421    .text               c_w.l(_printf_str.o)
    0x0000067e   0x000000b2   Code   RO         3423    .text               c_w.l(_printf_intcommon.o)
    0x00000730   0x00000028   Code   RO         3425    .text               c_w.l(_printf_charcount.o)
    0x00000758   0x0000041a   Code   RO         3427    .text               c_w.l(_printf_fp_dec.o)
    0x00000b72   0x00000002   PAD
    0x00000b74   0x00000030   Code   RO         3429    .text               c_w.l(_printf_char_common.o)
    0x00000ba4   0x0000000a   Code   RO         3431    .text               c_w.l(_sputc.o)
    0x00000bae   0x00000002   PAD
    0x00000bb0   0x00000024   Code   RO         3433    .text               c_w.l(_printf_char_file.o)
    0x00000bd4   0x000000bc   Code   RO         3435    .text               c_w.l(_printf_wctomb.o)
    0x00000c90   0x0000007c   Code   RO         3438    .text               c_w.l(_printf_longlong_dec.o)
    0x00000d0c   0x00000070   Code   RO         3444    .text               c_w.l(_printf_oct_int_ll.o)
    0x00000d7c   0x00000094   Code   RO         3464    .text               c_w.l(_printf_hex_int_ll_ptr.o)
    0x00000e10   0x00000008   Code   RO         3580    .text               c_w.l(rt_locale_intlibspace.o)
    0x00000e18   0x00000008   Code   RO         3585    .text               c_w.l(rt_errno_addr_intlibspace.o)
    0x00000e20   0x0000008a   Code   RO         3587    .text               c_w.l(lludiv10.o)
    0x00000eaa   0x00000002   PAD
    0x00000eac   0x000002fc   Code   RO         3589    .text               c_w.l(_printf_fp_hex.o)
    0x000011a8   0x00000080   Code   RO         3592    .text               c_w.l(_printf_fp_infnan.o)
    0x00001228   0x0000002c   Code   RO         3596    .text               c_w.l(_printf_char.o)
    0x00001254   0x0000002c   Code   RO         3598    .text               c_w.l(_printf_wchar.o)
    0x00001280   0x000000dc   Code   RO         3600    .text               c_w.l(bigflt0.o)
    0x0000135c   0x00000008   Code   RO         3625    .text               c_w.l(ferror.o)
    0x00001364   0x00000040   Code   RO         3629    .text               c_w.l(_wcrtomb.o)
    0x000013a4   0x00000008   Code   RO         3640    .text               c_w.l(libspace.o)
    0x000013ac   0x0000004a   Code   RO         3643    .text               c_w.l(sys_stackheap_outer.o)
    0x000013f6   0x00000002   PAD
    0x000013f8   0x00000010   Code   RO         3645    .text               c_w.l(rt_ctype_table.o)
    0x00001408   0x0000000c   Code   RO         3647    .text               c_w.l(exit.o)
    0x00001414   0x00000080   Code   RO         3649    .text               c_w.l(strcmpv7m.o)
    0x00001494   0x0000003e   Code   RO         3603    CL$$btod_d2e        c_w.l(btod.o)
    0x000014d2   0x00000046   Code   RO         3605    CL$$btod_d2e_denorm_low  c_w.l(btod.o)
    0x00001518   0x00000060   Code   RO         3604    CL$$btod_d2e_norm_op1  c_w.l(btod.o)
    0x00001578   0x00000338   Code   RO         3613    CL$$btod_div_common  c_w.l(btod.o)
    0x000018b0   0x000000c6   Code   RO         3610    CL$$btod_e2e        c_w.l(btod.o)
    0x00001976   0x00000028   Code   RO         3607    CL$$btod_ediv       c_w.l(btod.o)
    0x0000199e   0x00000028   Code   RO         3606    CL$$btod_emul       c_w.l(btod.o)
    0x000019c6   0x00000244   Code   RO         3612    CL$$btod_mult_common  c_w.l(btod.o)
    0x00001c0a   0x00000002   PAD
    0x00001c0c   0x000000b8   Code   RO         1262    i.ADC14_IRQHandler  bsp_adc14.o
    0x00001cc4   0x0000002c   Code   RO         1873    i.ADC14_getMultiSequenceResult  msp432p4xx_driverlib.lib(adc14.o)
    0x00001cf0   0x00000020   Code   RO         1875    i.ADC14_getResult   msp432p4xx_driverlib.lib(adc14.o)
    0x00001d10   0x00000024   Code   RO         2127    i.CS_clearInterruptFlag  msp432p4xx_driverlib.lib(cs.o)
    0x00001d34   0x00000018   Code   RO         2136    i.CS_getACLK        msp432p4xx_driverlib.lib(cs.o)
    0x00001d4c   0x0000010c   Code   RO         2138    i.CS_getDCOFrequency  msp432p4xx_driverlib.lib(cs.o)
    0x00001e58   0x00000018   Code   RO         2142    i.CS_getMCLK        msp432p4xx_driverlib.lib(cs.o)
    0x00001e70   0x00000018   Code   RO         2143    i.CS_getSMCLK       msp432p4xx_driverlib.lib(cs.o)
    0x00001e88   0x000000e8   Code   RO         2144    i.CS_initClockSignal  msp432p4xx_driverlib.lib(cs.o)
    0x00001f70   0x0000000c   Code   RO         2150    i.CS_setExternalClockSourceFrequency  msp432p4xx_driverlib.lib(cs.o)
    0x00001f7c   0x00000006   Code   RO         2153    i.CS_startHFXT      msp432p4xx_driverlib.lib(cs.o)
    0x00001f82   0x00000002   PAD
    0x00001f84   0x000000a0   Code   RO         2154    i.CS_startHFXTWithTimeout  msp432p4xx_driverlib.lib(cs.o)
    0x00002024   0x00000006   Code   RO         2155    i.CS_startLFXT      msp432p4xx_driverlib.lib(cs.o)
    0x0000202a   0x00000002   PAD
    0x0000202c   0x000000a0   Code   RO         2156    i.CS_startLFXTWithTimeout  msp432p4xx_driverlib.lib(cs.o)
    0x000020cc   0x0000002c   Code   RO         1006    i.Computer_Data_Handle  uart_0.o
    0x000020f8   0x00000118   Code   RO         1007    i.EUSCIA0_IRQHandler  uart_0.o
    0x00002210   0x00000114   Code   RO         1074    i.EUSCIA1_IRQHandler  uart_1.o
    0x00002324   0x00000114   Code   RO         1123    i.EUSCIA2_IRQHandler  uart_2.o
    0x00002438   0x00000118   Code   RO         1167    i.EUSCIA3_IRQHandler  uart_3.o
    0x00002550   0x000000b2   Code   RO         1351    i.Encoder_Configuration  motor.o
    0x00002602   0x00000002   PAD
    0x00002604   0x00000014   Code   RO         2353    i.GPIO_clearInterruptFlag  msp432p4xx_driverlib.lib(gpio.o)
    0x00002618   0x00000014   Code   RO         2355    i.GPIO_enableInterrupt  msp432p4xx_driverlib.lib(gpio.o)
    0x0000262c   0x00000038   Code   RO         2356    i.GPIO_getEnabledInterruptStatus  msp432p4xx_driverlib.lib(gpio.o)
    0x00002664   0x00000014   Code   RO         2357    i.GPIO_getInputPinValue  msp432p4xx_driverlib.lib(gpio.o)
    0x00002678   0x00000010   Code   RO         2358    i.GPIO_getInterruptStatus  msp432p4xx_driverlib.lib(gpio.o)
    0x00002688   0x0000001c   Code   RO         2359    i.GPIO_interruptEdgeSelect  msp432p4xx_driverlib.lib(gpio.o)
    0x000026a4   0x00000024   Code   RO         2361    i.GPIO_setAsInputPin  msp432p4xx_driverlib.lib(gpio.o)
    0x000026c8   0x0000002c   Code   RO         2363    i.GPIO_setAsInputPinWithPullUpResistor  msp432p4xx_driverlib.lib(gpio.o)
    0x000026f4   0x00000020   Code   RO         2364    i.GPIO_setAsOutputPin  msp432p4xx_driverlib.lib(gpio.o)
    0x00002714   0x0000003c   Code   RO         2366    i.GPIO_setAsPeripheralModuleFunctionOutputPin  msp432p4xx_driverlib.lib(gpio.o)
    0x00002750   0x00000014   Code   RO         2369    i.GPIO_setOutputHighOnPin  msp432p4xx_driverlib.lib(gpio.o)
    0x00002764   0x00000014   Code   RO         2370    i.GPIO_setOutputLowOnPin  msp432p4xx_driverlib.lib(gpio.o)
    0x00002778   0x00000464   Code   RO         1582    i.GetAngle          mpu6050.o
    0x00002bdc   0x000000c4   Code   RO         1352    i.GetMotorPulse     motor.o
    0x00002ca0   0x00000110   Code   RO         1820    i.Gray_Search       graysensor.o
    0x00002db0   0x0000003a   Code   RO         1708    i.IIC_Ack           myiic.o
    0x00002dea   0x0000003a   Code   RO         1710    i.IIC_NAck          myiic.o
    0x00002e24   0x00000056   Code   RO         1711    i.IIC_Read_Byte     myiic.o
    0x00002e7a   0x0000006a   Code   RO         1712    i.IIC_Send_Byte     myiic.o
    0x00002ee4   0x0000003a   Code   RO         1713    i.IIC_Start         myiic.o
    0x00002f1e   0x0000003a   Code   RO         1714    i.IIC_Stop          myiic.o
    0x00002f58   0x00000042   Code   RO         1715    i.IIC_Wait_Ack      myiic.o
    0x00002f9a   0x00000002   PAD
    0x00002f9c   0x0000005c   Code   RO         2500    i.Interrupt_enableInterrupt  msp432p4xx_driverlib.lib(interrupt.o)
    0x00002ff8   0x0000000e   Code   RO         2501    i.Interrupt_enableMaster  msp432p4xx_driverlib.lib(interrupt.o)
    0x00003006   0x00000002   PAD
    0x00003008   0x00000024   Code   RO         2510    i.Interrupt_setPriority  msp432p4xx_driverlib.lib(interrupt.o)
    0x0000302c   0x00000050   Code   RO          572    i.KEY_Init          key.o
    0x0000307c   0x00000014   Code   RO          495    i.LED_G_Tog         led.o
    0x00003090   0x00000034   Code   RO          496    i.LED_Init          led.o
    0x000030c4   0x000000d8   Code   RO         1517    i.Location_pid_realize  pid.o
    0x0000319c   0x00000042   Code   RO         1584    i.MPU6050ReadAcc    mpu6050.o
    0x000031de   0x00000042   Code   RO         1585    i.MPU6050ReadGyro   mpu6050.o
    0x00003220   0x00000120   Code   RO         1588    i.MPU6050_ReadAll   mpu6050.o
    0x00003340   0x0000005c   Code   RO         1589    i.MPU6050_ReadData  mpu6050.o
    0x0000339c   0x00000054   Code   RO         1590    i.MPU6050_ReturnTemp  mpu6050.o
    0x000033f0   0x00000020   Code   RO         1353    i.Motor_L_back      motor.o
    0x00003410   0x00000020   Code   RO         1354    i.Motor_L_forward   motor.o
    0x00003430   0x00000020   Code   RO         1355    i.Motor_L_stop      motor.o
    0x00003450   0x00000020   Code   RO         1356    i.Motor_R_back      motor.o
    0x00003470   0x00000020   Code   RO         1357    i.Motor_R_forward   motor.o
    0x00003490   0x00000016   Code   RO         1358    i.Motor_R_stop      motor.o
    0x000034a6   0x00000034   Code   RO         1359    i.Motors_Control    motor.o
    0x000034da   0x0000001e   Code   RO         1360    i.Motors_IO_Init    motor.o
    0x000034f8   0x00000050   Code   RO         1361    i.Motors_Timer_Init  motor.o
    0x00003548   0x00000028   Code   RO         1595    i.Mpu_Read_Yaw      mpu6050.o
    0x00003570   0x00000036   Code   RO          872    i.OLED_Fill         oled.o
    0x000035a6   0x00000100   Code   RO          873    i.OLED_Init         oled.o
    0x000036a6   0x00000024   Code   RO          880    i.OLED_Set_Pos      oled.o
    0x000036ca   0x0000004c   Code   RO          882    i.OLED_WrCmd        oled.o
    0x00003716   0x0000004a   Code   RO          883    i.OLED_WrDat        oled.o
    0x00003760   0x00000068   Code   RO         1362    i.PORT1_IRQHandler  motor.o
    0x000037c8   0x00000068   Code   RO         1363    i.PORT2_IRQHandler  motor.o
    0x00003830   0x0000002c   Code   RO         1596    i.Q_rsqrt           mpu6050.o
    0x0000385c   0x0000002c   Code   RO         1168    i.SendDataToLcd     uart_3.o
    0x00003888   0x0000002c   Code   RO         1364    i.Set_Left_Dir      motor.o
    0x000038b4   0x00000020   Code   RO         1365    i.Set_Left_Speed    motor.o
    0x000038d4   0x0000002c   Code   RO         1366    i.Set_Right_Dir     motor.o
    0x00003900   0x00000024   Code   RO         1367    i.Set_Right_Speed   motor.o
    0x00003924   0x00000168   Code   RO         1368    i.Speeds_Pid_Control  motor.o
    0x00003a8c   0x00000010   Code   RO         3161    i.SysCtl_A_disableNMISource  msp432p4xx_driverlib.lib(sysctl_a.o)
    0x00003a9c   0x00000010   Code   RO         3166    i.SysCtl_A_enableNMISource  msp432p4xx_driverlib.lib(sysctl_a.o)
    0x00003aac   0x00000010   Code   RO         3172    i.SysCtl_A_getNMISourceStatus  msp432p4xx_driverlib.lib(sysctl_a.o)
    0x00003abc   0x00000048   Code   RO         3174    i.SysCtl_A_getTLVInfo  msp432p4xx_driverlib.lib(sysctl_a.o)
    0x00003b04   0x00000088   Code   RO          352    i.SysInit           sysinit.o
    0x00003b8c   0x00000002   Code   RO          606    i.SysTick_Handler   bsp_systick.o
    0x00003b8e   0x00000002   PAD
    0x00003b90   0x00000094   Code   RO          282    i.SystemInit        system_msp432p401r.o
    0x00003c24   0x0000028c   Code   RO          800    i.T32_INT1_IRQHandler  tim32_0.o
    0x00003eb0   0x0000000c   Code   RO          834    i.T32_INT2_IRQHandler  tim32_1.o
    0x00003ebc   0x0000001c   Code   RO          639    i.TA0_0_IRQHandler  tim_a0.o
    0x00003ed8   0x00000010   Code   RO          640    i.TA0_N_IRQHandler  tim_a0.o
    0x00003ee8   0x00000014   Code   RO          678    i.TA1_0_IRQHandler  tim_a1.o
    0x00003efc   0x00000014   Code   RO          679    i.TA1_N_IRQHandler  tim_a1.o
    0x00003f10   0x00000014   Code   RO          717    i.TA2_0_IRQHandler  tim_a2.o
    0x00003f24   0x000000fc   Code   RO          718    i.TA2_N_IRQHandler  tim_a2.o
    0x00004020   0x00000014   Code   RO          760    i.TA3_0_IRQHandler  tim_a3.o
    0x00004034   0x00000014   Code   RO          761    i.TA3_N_IRQHandler  tim_a3.o
    0x00004048   0x0000007c   Code   RO          719    i.TimA2_Cap_Init    tim_a2.o
    0x000040c4   0x0000000a   Code   RO         2714    i.Timer32_clearInterruptFlag  msp432p4xx_driverlib.lib(timer32.o)
    0x000040ce   0x0000004c   Code   RO         2817    i.Timer_A_generatePWM  msp432p4xx_driverlib.lib(timer_a.o)
    0x0000411a   0x00000010   Code   RO         2818    i.Timer_A_getCaptureCompareCount  msp432p4xx_driverlib.lib(timer_a.o)
    0x0000412a   0x00000022   Code   RO         2819    i.Timer_A_getCaptureCompareEnabledInterruptStatus  msp432p4xx_driverlib.lib(timer_a.o)
    0x0000414c   0x00000012   Code   RO         2820    i.Timer_A_getCaptureCompareInterruptStatus  msp432p4xx_driverlib.lib(timer_a.o)
    0x0000415e   0x00000012   Code   RO         2822    i.Timer_A_getEnabledInterruptStatus  msp432p4xx_driverlib.lib(timer_a.o)
    0x00004170   0x00000008   Code   RO         2994    i.UART_clearInterruptFlag  msp432p4xx_driverlib.lib(uart.o)
    0x00004178   0x00000016   Code   RO         2997    i.UART_enableInterrupt  msp432p4xx_driverlib.lib(uart.o)
    0x0000418e   0x0000000c   Code   RO         2998    i.UART_enableModule  msp432p4xx_driverlib.lib(uart.o)
    0x0000419a   0x00000026   Code   RO         2999    i.UART_getEnabledInterruptStatus  msp432p4xx_driverlib.lib(uart.o)
    0x000041c0   0x00000092   Code   RO         3003    i.UART_initModule   msp432p4xx_driverlib.lib(uart.o)
    0x00004252   0x00000018   Code   RO         3005    i.UART_receiveData  msp432p4xx_driverlib.lib(uart.o)
    0x0000426a   0x00000002   PAD
    0x0000426c   0x00000058   Code   RO         1212    i.UART_send_Byte    bsp_uart.o
    0x000042c4   0x0000001a   Code   RO         1215    i.UART_send_string  bsp_uart.o
    0x000042de   0x00000016   Code   RO         3012    i.UART_transmitData  msp432p4xx_driverlib.lib(uart.o)
    0x000042f4   0x00000018   Code   RO         1304    i.UltrasonicWave_Measure  sr04.o
    0x0000430c   0x0000001c   Code   RO         1305    i.UltrasonicWave_StartMeasure  sr04.o
    0x00004328   0x00000004   Code   RO         1306    i.UltrasonicWave_TimerInit  sr04.o
    0x0000432c   0x000000c0   Code   RO         2159    i._CSComputeCLKFrequency  msp432p4xx_driverlib.lib(cs.o)
    0x000043ec   0x00000098   Code   RO         2160    i._CSGetHFXTFrequency  msp432p4xx_driverlib.lib(cs.o)
    0x00004484   0x00000030   Code   RO         3529    i.__ARM_fpclassify  m_wm.l(fpclassify.o)
    0x000044b4   0x00000026   Code   RO         3531    i.__ARM_fpclassifyf  m_wm.l(fpclassifyf.o)
    0x000044da   0x00000006   PAD
    0x000044e0   0x00000360   Code   RO         3372    i.__hardfp_asin     m_wm.l(asin.o)
    0x00004840   0x00000250   Code   RO         3386    i.__hardfp_atan2f   m_wm.l(atan2f.o)
    0x00004a90   0x00000c38   Code   RO         3398    i.__hardfp_pow      m_wm.l(pow.o)
    0x000056c8   0x000000f8   Code   RO         3547    i.__kernel_poly     m_wm.l(poly.o)
    0x000057c0   0x00000030   Code   RO         3509    i.__mathlib_dbl_divzero  m_wm.l(dunder.o)
    0x000057f0   0x00000014   Code   RO         3510    i.__mathlib_dbl_infnan  m_wm.l(dunder.o)
    0x00005804   0x00000014   Code   RO         3511    i.__mathlib_dbl_infnan2  m_wm.l(dunder.o)
    0x00005818   0x00000020   Code   RO         3512    i.__mathlib_dbl_invalid  m_wm.l(dunder.o)
    0x00005838   0x00000020   Code   RO         3513    i.__mathlib_dbl_overflow  m_wm.l(dunder.o)
    0x00005858   0x00000020   Code   RO         3515    i.__mathlib_dbl_underflow  m_wm.l(dunder.o)
    0x00005878   0x00000006   Code   RO         3535    i.__mathlib_flt_infnan2  m_wm.l(funder.o)
    0x0000587e   0x00000002   PAD
    0x00005880   0x00000010   Code   RO         3539    i.__mathlib_flt_underflow  m_wm.l(funder.o)
    0x00005890   0x00000156   Code   RO         1889    i._getIndexForMemRegister  msp432p4xx_driverlib.lib(adc14.o)
    0x000059e6   0x0000000e   Code   RO         3317    i._is_digit         c_w.l(__printf_wp.o)
    0x000059f4   0x00000002   Code   RO         1009    i._sys_exit         uart_0.o
    0x000059f6   0x00000010   Code   RO          414    i.bitPosition       baudrate_calculate.o
    0x00005a06   0x00000002   PAD
    0x00005a08   0x00000028   Code   RO          376    i.delay_init        delay.o
    0x00005a30   0x00000018   Code   RO          377    i.delay_ms          delay.o
    0x00005a48   0x00000034   Code   RO          378    i.delay_us          delay.o
    0x00005a7c   0x0000012c   Code   RO          415    i.eusci_calcBaudDividers  baudrate_calculate.o
    0x00005ba8   0x00000018   Code   RO         3525    i.fabs              m_wm.l(fabs.o)
    0x00005bc0   0x00000014   Code   RO         1010    i.fputc             uart_0.o
    0x00005bd4   0x00000042   Code   RO         1597    i.kalman_1          mpu6050.o
    0x00005c16   0x00000002   PAD
    0x00005c18   0x00000098   Code   RO            4    i.main              main.o
    0x00005cb0   0x000000b4   Code   RO         2834    i.privateTimer_AProcessClockSourceDivider  msp432p4xx_driverlib.lib(timer_a.o)
    0x00005d64   0x00000006   Code   RO         1521    i.set_pid_target    pid.o
    0x00005d6a   0x00000002   PAD
    0x00005d6c   0x0000009c   Code   RO         1522    i.speed_pid_realize  pid.o
    0x00005e08   0x0000006e   Code   RO         3552    i.sqrt              m_wm.l(sqrt.o)
    0x00005e76   0x00000002   PAD
    0x00005e78   0x00000050   Code   RO         1011    i.uart_0_init       uart_0.o
    0x00005ec8   0x0000004c   Code   RO         1076    i.uart_1_init       uart_1.o
    0x00005f14   0x0000004c   Code   RO         1169    i.uart_3_init       uart_3.o
    0x00005f60   0x0000002c   Code   RO         3632    locale$$code        c_w.l(lc_numeric_c.o)
    0x00005f8c   0x0000002c   Code   RO         3707    locale$$code        c_w.l(lc_ctype_c.o)
    0x00005fb8   0x00000018   Code   RO         3488    x$fpl$basic         fz_wm.l(basic.o)
    0x00005fd0   0x00000062   Code   RO         3340    x$fpl$d2f           fz_wm.l(d2f.o)
    0x00006032   0x00000002   PAD
    0x00006034   0x00000150   Code   RO         3342    x$fpl$dadd          fz_wm.l(daddsub_clz.o)
    0x00006184   0x00000010   Code   RO         3634    x$fpl$dcheck1       fz_wm.l(dcheck1.o)
    0x00006194   0x00000018   Code   RO         3490    x$fpl$dcmpinf       fz_wm.l(dcmpi.o)
    0x000061ac   0x000002b0   Code   RO         3349    x$fpl$ddiv          fz_wm.l(ddiv.o)
    0x0000645c   0x0000005a   Code   RO         3352    x$fpl$dfixu         fz_wm.l(dfixu.o)
    0x000064b6   0x0000002e   Code   RO         3357    x$fpl$dflt          fz_wm.l(dflt_clz.o)
    0x000064e4   0x00000026   Code   RO         3356    x$fpl$dfltu         fz_wm.l(dflt_clz.o)
    0x0000650a   0x00000002   PAD
    0x0000650c   0x00000078   Code   RO         3362    x$fpl$dleqf         fz_wm.l(dleqf.o)
    0x00006584   0x00000154   Code   RO         3364    x$fpl$dmul          fz_wm.l(dmul.o)
    0x000066d8   0x0000009c   Code   RO         3492    x$fpl$dnaninf       fz_wm.l(dnaninf.o)
    0x00006774   0x0000000c   Code   RO         3494    x$fpl$dretinf       fz_wm.l(dretinf.o)
    0x00006780   0x0000006c   Code   RO         3366    x$fpl$drleqf        fz_wm.l(drleqf.o)
    0x000067ec   0x00000016   Code   RO         3343    x$fpl$drsb          fz_wm.l(daddsub_clz.o)
    0x00006802   0x00000002   PAD
    0x00006804   0x00000198   Code   RO         3636    x$fpl$dsqrt         fz_wm.l(dsqrt_umaal.o)
    0x0000699c   0x000001d4   Code   RO         3344    x$fpl$dsub          fz_wm.l(daddsub_clz.o)
    0x00006b70   0x00000056   Code   RO         3368    x$fpl$f2d           fz_wm.l(f2d.o)
    0x00006bc6   0x0000008c   Code   RO         3496    x$fpl$fnaninf       fz_wm.l(fnaninf.o)
    0x00006c52   0x0000000a   Code   RO         3711    x$fpl$fpinit        fz_wm.l(fpinit.o)
    0x00006c5c   0x0000000a   Code   RO         3498    x$fpl$fretinf       fz_wm.l(fretinf.o)
    0x00006c66   0x00000004   Code   RO         3370    x$fpl$printf1       fz_wm.l(printf1.o)
    0x00006c6a   0x00000004   Code   RO         3500    x$fpl$printf2       fz_wm.l(printf2.o)
    0x00006c6e   0x00000064   Code   RO         3702    x$fpl$retnan        fz_wm.l(retnan.o)
    0x00006cd2   0x0000005c   Code   RO         3506    x$fpl$scalbn        fz_wm.l(scalbn.o)
    0x00006d2e   0x00000030   Code   RO         3713    x$fpl$trapveneer    fz_wm.l(trapv.o)
    0x00006d5e   0x00000000   Code   RO         3508    x$fpl$usenofp       fz_wm.l(usenofp.o)
    0x00006d5e   0x00000002   PAD
    0x00006d60   0x00000028   Data   RO          720    .constdata          tim_a2.o
    0x00006d88   0x00000028   Data   RO         1013    .constdata          uart_0.o
    0x00006db0   0x00000028   Data   RO         1078    .constdata          uart_1.o
    0x00006dd8   0x00000028   Data   RO         1171    .constdata          uart_3.o
    0x00006e00   0x00000080   Data   RO         1890    .constdata          msp432p4xx_driverlib.lib(adc14.o)
    0x00006e80   0x0000004c   Data   RO         2373    .constdata          msp432p4xx_driverlib.lib(gpio.o)
    0x00006ecc   0x00000090   Data   RO         2516    .constdata          msp432p4xx_driverlib.lib(interrupt.o)
    0x00006f5c   0x00000011   Data   RO         3325    .constdata          c_w.l(__printf_flags_ss_wp.o)
    0x00006f6d   0x00000003   PAD
    0x00006f70   0x00000050   Data   RO         3375    .constdata          m_wm.l(asin.o)
    0x00006fc0   0x00000088   Data   RO         3401    .constdata          m_wm.l(pow.o)
    0x00007048   0x00000008   Data   RO         3436    .constdata          c_w.l(_printf_wctomb.o)
    0x00007050   0x00000028   Data   RO         3465    .constdata          c_w.l(_printf_hex_int_ll_ptr.o)
    0x00007078   0x00000008   Data   RO         3549    .constdata          m_wm.l(qnan.o)
    0x00007080   0x00000026   Data   RO         3590    .constdata          c_w.l(_printf_fp_hex.o)
    0x000070a6   0x00000002   PAD
    0x000070a8   0x00000094   Data   RO         3601    .constdata          c_w.l(bigflt0.o)
    0x0000713c   0x00000020   Data   RO         3783    Region$$Table       anon$$obj.o
    0x0000715c   0x0000001c   Data   RO         3631    locale$$data        c_w.l(lc_numeric_c.o)
    0x00007178   0x00000110   Data   RO         3706    locale$$data        c_w.l(lc_ctype_c.o)


    Execution Region RW_IRAM1 (Base: 0x20000000, Size: 0x00001088, Max: 0x00010000, ABSOLUTE)

    Base Addr    Size         Type   Attr      Idx    E Section Name        Object

    0x20000000   0x00000001   Data   RW          379    .data               delay.o
    0x20000001   0x00000003   PAD
    0x20000004   0x00000008   Data   RW          721    .data               tim_a2.o
    0x2000000c   0x0000000e   Data   RW         1014    .data               uart_0.o
    0x2000001a   0x00000002   PAD
    0x2000001c   0x00000004   Data   RW         1015    .data               uart_0.o
    0x20000020   0x0000000e   Data   RW         1079    .data               uart_1.o
    0x2000002e   0x0000000e   Data   RW         1128    .data               uart_2.o
    0x2000003c   0x00000010   Data   RW         1172    .data               uart_3.o
    0x2000004c   0x00000004   Data   RW         1266    .data               bsp_adc14.o
    0x20000050   0x00000004   Data   RW         1307    .data               sr04.o
    0x20000054   0x00000004   PAD
    0x20000058   0x00000048   Data   RW         1374    .data               motor.o
    0x200000a0   0x00000004   Data   RW         1378    .data               motor.o
    0x200000a4   0x00000002   Data   RW         1379    .data               motor.o
    0x200000a6   0x00000002   Data   RW         1380    .data               motor.o
    0x200000a8   0x00000068   Data   RW         1604    .data               mpu6050.o
    0x20000110   0x0000000c   Data   RW         1821    .data               graysensor.o
    0x2000011c   0x00000008   Data   RW         2161    .data               msp432p4xx_driverlib.lib(cs.o)
    0x20000124   0x00000190   Zero   RW         1012    .bss                uart_0.o
    0x200002b4   0x00000190   Zero   RW         1077    .bss                uart_1.o
    0x20000444   0x00000190   Zero   RW         1126    .bss                uart_2.o
    0x200005d4   0x00000190   Zero   RW         1170    .bss                uart_3.o
    0x20000764   0x00000080   Zero   RW         1523    .bss                pid.o
    0x200007e4   0x00000044   Zero   RW         1598    .bss                mpu6050.o
    0x20000828   0x00000060   Zero   RW         3641    .bss                c_w.l(libspace.o)
    0x20000888   0x00000200   Zero   RW          315    HEAP                startup_msp432p401r_uvision.o
    0x20000a88   0x00000600   Zero   RW          314    STACK               startup_msp432p401r_uvision.o


==============================================================================

Image component sizes


      Code (inc. data)   RO Data    RW Data    ZI Data      Debug   Object Name

       316         18          0          0          0       2287   baudrate_calculate.o
       184         54          0          4          0       1319   bsp_adc14.o
         2          0          0          0          0        518   bsp_systick.o
       114         18          0          0          0       1688   bsp_uart.o
       116         16          0          1          0       1851   delay.o
       272         34          0         12          0       1252   graysensor.o
        80          0          0          0          0        631   key.o
        72         16          0          0          0       1525   led.o
       152         34          0          0          0      15011   main.o
      1442        190          0         80          0      14324   motor.o
      1870         80          0        104         68      19539   mpu6050.o
       490          0          0          0          0       4315   myiic.o
       496          0          0          0          0       4249   oled.o
       378         64          0          0        128       3242   pid.o
        56          4          0          4          0       2428   sr04.o
        64         26        324          0       2048        932   startup_msp432p401r_uvision.o
       136         12          0          0          0        562   sysinit.o
       148         30          0          0          0        577   system_msp432p401r.o
       652         92          0          0          0        978   tim32_0.o
        12          6          0          0          0        518   tim32_1.o
        44         10          0          0          0       1070   tim_a0.o
        40         16          0          0          0       1022   tim_a1.o
       396         58         40          8          0       2697   tim_a2.o
        40         16          0          0          0       1022   tim_a3.o
       426         56         40         18        400       5466   uart_0.o
       352         28         40         14        400       2486   uart_1.o
       276         20          0         14        400       1859   uart_2.o
       400         36         40         16        400       3166   uart_3.o

    ----------------------------------------------------------------------
      9038        934        516        284       3844      96534   Object Totals
         0          0         32          0          0          0   (incl. Generated)
        12          0          0          9          0          0   (incl. Padding)

    ----------------------------------------------------------------------

      Code (inc. data)   RO Data    RW Data    ZI Data      Debug   Library Member Name

        24          4          0          0          0         84   __2printf.o
         8          0          0          0          0         68   __main.o
       392          4         17          0          0         92   __printf_flags_ss_wp.o
        14          0          0          0          0         68   __printf_wp.o
         0          0          0          0          0          0   __rtentry.o
        12          0          0          0          0          0   __rtentry2.o
         6          0          0          0          0          0   __rtentry4.o
        52          8          0          0          0          0   __scatter.o
        26          0          0          0          0          0   __scatter_copy.o
        28          0          0          0          0          0   __scatter_zi.o
         6          0          0          0          0          0   _printf_a.o
         6          0          0          0          0          0   _printf_c.o
        44          0          0          0          0        108   _printf_char.o
        48          6          0          0          0         96   _printf_char_common.o
        36          4          0          0          0         80   _printf_char_file.o
        40          0          0          0          0         68   _printf_charcount.o
         6          0          0          0          0          0   _printf_d.o
       120         16          0          0          0         92   _printf_dec.o
         6          0          0          0          0          0   _printf_e.o
         6          0          0          0          0          0   _printf_f.o
      1050          0          0          0          0        216   _printf_fp_dec.o
       764         10         38          0          0        100   _printf_fp_hex.o
       128         16          0          0          0         84   _printf_fp_infnan.o
         6          0          0          0          0          0   _printf_g.o
       148          4         40          0          0        160   _printf_hex_int_ll_ptr.o
         6          0          0          0          0          0   _printf_i.o
       178          0          0          0          0         88   _printf_intcommon.o
        10          0          0          0          0          0   _printf_l.o
         6          0          0          0          0          0   _printf_lc.o
        10          0          0          0          0          0   _printf_ll.o
         6          0          0          0          0          0   _printf_lld.o
         6          0          0          0          0          0   _printf_lli.o
         6          0          0          0          0          0   _printf_llo.o
         6          0          0          0          0          0   _printf_llu.o
         6          0          0          0          0          0   _printf_llx.o
       124         16          0          0          0         92   _printf_longlong_dec.o
         6          0          0          0          0          0   _printf_ls.o
         6          0          0          0          0          0   _printf_n.o
         6          0          0          0          0          0   _printf_o.o
       112          8          0          0          0        124   _printf_oct_int_ll.o
         6          0          0          0          0          0   _printf_p.o
        78          0          0          0          0        108   _printf_pad.o
         0          0          0          0          0          0   _printf_percent.o
         4          0          0          0          0          0   _printf_percent_end.o
         6          0          0          0          0          0   _printf_s.o
        82          0          0          0          0         80   _printf_str.o
        36          0          0          0          0         84   _printf_truncate.o
         6          0          0          0          0          0   _printf_u.o
        44          0          0          0          0        108   _printf_wchar.o
       188          6          8          0          0         92   _printf_wctomb.o
         6          0          0          0          0          0   _printf_x.o
        22          0          0          0          0        100   _rserrno.o
        10          0          0          0          0         68   _sputc.o
        64          0          0          0          0         92   _wcrtomb.o
       220          4        148          0          0         96   bigflt0.o
      1910        128          0          0          0        672   btod.o
        12          0          0          0          0         72   exit.o
         8          0          0          0          0         68   ferror.o
         6          0          0          0          0        152   heapauxi.o
        44         10        272          0          0         76   lc_ctype_c.o
        44         10         28          0          0         76   lc_numeric_c.o
         2          0          0          0          0          0   libinit.o
        34          0          0          0          0          0   libinit2.o
         2          0          0          0          0          0   libshutdown.o
         2          0          0          0          0          0   libshutdown2.o
         8          4          0          0         96         68   libspace.o
       138          0          0          0          0         80   lludiv10.o
        16          4          0          0          0         76   rt_ctype_table.o
         8          4          0          0          0         68   rt_errno_addr_intlibspace.o
         8          4          0          0          0         68   rt_locale_intlibspace.o
       100          0          0          0          0         80   rt_memcpy_w.o
         2          0          0          0          0          0   rtexit.o
        10          0          0          0          0          0   rtexit2.o
       128          0          0          0          0         68   strcmpv7m.o
        74          0          0          0          0         80   sys_stackheap_outer.o
         2          0          0          0          0         68   use_no_semi.o
         2          0          0          0          0         68   use_no_semi_2.o
        36          4          0          0          0         76   vsprintf.o
        24          0          0          0          0        164   basic.o
        98          4          0          0          0        140   d2f.o
       826         16          0          0          0        492   daddsub_clz.o
        16          4          0          0          0        116   dcheck1.o
        24          0          0          0          0        116   dcmpi.o
       688        140          0          0          0        256   ddiv.o
        90          4          0          0          0        140   dfixu.o
        84          0          0          0          0        232   dflt_clz.o
       120          4          0          0          0        140   dleqf.o
       340         12          0          0          0        152   dmul.o
       156          4          0          0          0        140   dnaninf.o
        12          0          0          0          0        116   dretinf.o
       108          0          0          0          0        128   drleqf.o
       408         56          0          0          0        168   dsqrt_umaal.o
        86          4          0          0          0        132   f2d.o
       140          4          0          0          0        132   fnaninf.o
        10          0          0          0          0        116   fpinit.o
        10          0          0          0          0        116   fretinf.o
         4          0          0          0          0        116   printf1.o
         4          0          0          0          0        116   printf2.o
       100          0          0          0          0        116   retnan.o
        92          0          0          0          0        116   scalbn.o
        48          0          0          0          0        116   trapv.o
         0          0          0          0          0          0   usenofp.o
       864         94         80          0          0        280   asin.o
       592         90          0          0          0        184   atan2f.o
       184         44          0          0          0        744   dunder.o
        24          0          0          0          0        124   fabs.o
        48          0          0          0          0        124   fpclassify.o
        38          0          0          0          0        116   fpclassifyf.o
        22          6          0          0          0        232   funder.o
       248          0          0          0          0        152   poly.o
      3128        302        136          0          0        356   pow.o
         0          0          8          0          0          0   qnan.o
       110          0          0          0          0        148   sqrt.o
       418         12        128          0          0       6864   adc14.o
        38          0          0          0          0        676   cpu.o
      1296        188          0          8          0      14554   cs.o
       372         74         76          0          0       9598   gpio.o
       142         14        144          0          0       3097   interrupt.o
       120         26          0          0          0       3378   sysctl_a.o
        10          0          0          0          0        617   timer32.o
       342         28          0          0          0      10887   timer_a.o
       272          0          0          0          0       9289   uart.o

    ----------------------------------------------------------------------
     18638       1404       1128          8         96      69360   Library Totals
        44          0          5          0          0          0   (incl. Padding)

    ----------------------------------------------------------------------

      Code (inc. data)   RO Data    RW Data    ZI Data      Debug   Library Name

      6838        274        551          0         96       4364   c_w.l
      3488        252          0          0          0       3576   fz_wm.l
      5258        536        224          0          0       2460   m_wm.l
      3010        342        348          8          0      58960   msp432p4xx_driverlib.lib

    ----------------------------------------------------------------------
     18638       1404       1128          8         96      69360   Library Totals

    ----------------------------------------------------------------------

==============================================================================


      Code (inc. data)   RO Data    RW Data    ZI Data      Debug   

     27676       2338       1644        292       3940     147202   Grand Totals
     27676       2338       1644        292       3940     147202   ELF Image Totals
     27676       2338       1644        292          0          0   ROM Totals

==============================================================================

    Total RO  Size (Code + RO Data)                29320 (  28.63kB)
    Total RW  Size (RW Data + ZI Data)              4232 (   4.13kB)
    Total ROM Size (Code + RO Data + RW Data)      29612 (  28.92kB)

==============================================================================

